Component: ARM Compiler 5.06 update 1 (build 61) Tool: armlink [4d35a8]

==============================================================================

Section Cross References

    startup_stm32f103xb.o(STACK) refers (Special) to heapauxi.o(.text) for __use_two_region_memory
    startup_stm32f103xb.o(HEAP) refers (Special) to heapauxi.o(.text) for __use_two_region_memory
    startup_stm32f103xb.o(RESET) refers (Special) to heapauxi.o(.text) for __use_two_region_memory
    startup_stm32f103xb.o(RESET) refers to startup_stm32f103xb.o(STACK) for __initial_sp
    startup_stm32f103xb.o(RESET) refers to startup_stm32f103xb.o(.text) for Reset_Handler
    startup_stm32f103xb.o(RESET) refers to stm32f1xx_it.o(i.NMI_Handler) for NMI_Handler
    startup_stm32f103xb.o(RESET) refers to stm32f1xx_it.o(i.HardFault_Handler) for HardFault_Handler
    startup_stm32f103xb.o(RESET) refers to stm32f1xx_it.o(i.MemManage_Handler) for MemManage_Handler
    startup_stm32f103xb.o(RESET) refers to stm32f1xx_it.o(i.BusFault_Handler) for BusFault_Handler
    startup_stm32f103xb.o(RESET) refers to stm32f1xx_it.o(i.UsageFault_Handler) for UsageFault_Handler
    startup_stm32f103xb.o(RESET) refers to stm32f1xx_it.o(i.SVC_Handler) for SVC_Handler
    startup_stm32f103xb.o(RESET) refers to stm32f1xx_it.o(i.DebugMon_Handler) for DebugMon_Handler
    startup_stm32f103xb.o(RESET) refers to stm32f1xx_it.o(i.PendSV_Handler) for PendSV_Handler
    startup_stm32f103xb.o(RESET) refers to stm32f1xx_it.o(i.SysTick_Handler) for SysTick_Handler
    startup_stm32f103xb.o(RESET) refers to stm32f1xx_it.o(i.DMA1_Channel6_IRQHandler) for DMA1_Channel6_IRQHandler
    startup_stm32f103xb.o(RESET) refers to stm32f1xx_it.o(i.USB_LP_CAN1_RX0_IRQHandler) for USB_LP_CAN1_RX0_IRQHandler
    startup_stm32f103xb.o(.text) refers (Special) to heapauxi.o(.text) for __use_two_region_memory
    startup_stm32f103xb.o(.text) refers to system_stm32f1xx.o(i.SystemInit) for SystemInit
    startup_stm32f103xb.o(.text) refers to __main.o(!!!main) for __main
    startup_stm32f103xb.o(.text) refers to startup_stm32f103xb.o(HEAP) for Heap_Mem
    startup_stm32f103xb.o(.text) refers to startup_stm32f103xb.o(STACK) for Stack_Mem
    key_matrix.o(i.col_write) refers to stm32f1xx_hal_gpio.o(i.HAL_GPIO_WritePin) for HAL_GPIO_WritePin
    key_matrix.o(i.key_scan) refers to key_matrix.o(i.col_write) for col_write
    key_matrix.o(i.key_scan) refers to key_matrix.o(i.row_read) for row_read
    key_matrix.o(i.key_scan) refers to stm32f1xx_hal.o(i.HAL_Delay) for HAL_Delay
    key_matrix.o(i.key_scan) refers to usbd_hid.o(i.USBD_HID_SendReport) for USBD_HID_SendReport
    key_matrix.o(i.key_scan) refers to keymap.o(.data) for keymap
    key_matrix.o(i.key_scan) refers to ws2812.o(.data) for rgb_mode
    key_matrix.o(i.key_scan) refers to key_matrix.o(.data) for .data
    key_matrix.o(i.key_scan) refers to usb_device.o(.bss) for hUsbDeviceFS
    key_matrix.o(i.row_read) refers to stm32f1xx_hal_gpio.o(i.HAL_GPIO_ReadPin) for HAL_GPIO_ReadPin
    ws2812.o(i.brightness_init) refers to ws2812.o(.data) for .data
    ws2812.o(i.brightness_init) refers to ws2812.o(.bss) for .bss
    ws2812.o(i.brightness_init1) refers to ws2812.o(.data) for .data
    ws2812.o(i.brightness_init1) refers to ws2812.o(.bss) for .bss
    ws2812.o(i.palette_init) refers to ws2812.o(.bss) for .bss
    ws2812.o(i.palette_init) refers to ws2812.o(.data) for .data
    ws2812.o(i.palette_init1) refers to ws2812.o(.data) for .data
    ws2812.o(i.palette_init1) refers to ws2812.o(.bss) for .bss
    ws2812.o(i.ws2812_animation_breathing) refers to ws2812.o(i.ws2812_set_RGB) for ws2812_set_RGB
    ws2812.o(i.ws2812_animation_breathing) refers to stm32f1xx_hal_tim.o(i.HAL_TIM_PWM_Start_DMA) for HAL_TIM_PWM_Start_DMA
    ws2812.o(i.ws2812_animation_breathing) refers to key_matrix.o(i.key_scan) for key_scan
    ws2812.o(i.ws2812_animation_breathing) refers to ws2812.o(.data) for .data
    ws2812.o(i.ws2812_animation_breathing) refers to ws2812.o(.bss) for .bss
    ws2812.o(i.ws2812_animation_breathing) refers to tim.o(.bss) for htim3
    ws2812.o(i.ws2812_animation_rainbow) refers to dflt_clz.o(x$fpl$dfltu) for __aeabi_ui2d
    ws2812.o(i.ws2812_animation_rainbow) refers to dmul.o(x$fpl$dmul) for __aeabi_dmul
    ws2812.o(i.ws2812_animation_rainbow) refers to daddsub_clz.o(x$fpl$dadd) for __aeabi_dadd
    ws2812.o(i.ws2812_animation_rainbow) refers to dfixu.o(x$fpl$dfixu) for __aeabi_d2uiz
    ws2812.o(i.ws2812_animation_rainbow) refers to ws2812.o(i.ws2812_set_RGB) for ws2812_set_RGB
    ws2812.o(i.ws2812_animation_rainbow) refers to stm32f1xx_hal_tim.o(i.HAL_TIM_PWM_Start_DMA) for HAL_TIM_PWM_Start_DMA
    ws2812.o(i.ws2812_animation_rainbow) refers to key_matrix.o(i.key_scan) for key_scan
    ws2812.o(i.ws2812_animation_rainbow) refers to ws2812.o(.data) for .data
    ws2812.o(i.ws2812_animation_rainbow) refers to keymap.o(.data) for led_pos
    ws2812.o(i.ws2812_animation_rainbow) refers to ws2812.o(.bss) for .bss
[...]
    i.DebugMon_Handler                       0x0800036a   Section        0  stm32f1xx_it.o(i.DebugMon_Handler)
    i.Error_Handler                          0x0800036c   Section        0  main.o(i.Error_Handler)
    i.HAL_DMA_Abort_IT                       0x08000370   Section        0  stm32f1xx_hal_dma.o(i.HAL_DMA_Abort_IT)
    i.HAL_DMA_IRQHandler                     0x08000408   Section        0  stm32f1xx_hal_dma.o(i.HAL_DMA_IRQHandler)
    i.HAL_DMA_Init                           0x0800055c   Section        0  stm32f1xx_hal_dma.o(i.HAL_DMA_Init)
    i.HAL_DMA_Start_IT                       0x080005b8   Section        0  stm32f1xx_hal_dma.o(i.HAL_DMA_Start_IT)
    i.HAL_Delay                              0x08000628   Section        0  stm32f1xx_hal.o(i.HAL_Delay)
    i.HAL_GPIOEx_ConfigEventout              0x0800064c   Section        0  stm32f1xx_hal_gpio_ex.o(i.HAL_GPIOEx_ConfigEventout)
    i.HAL_GPIOEx_EnableEventout              0x08000660   Section        0  stm32f1xx_hal_gpio_ex.o(i.HAL_GPIOEx_EnableEventout)
    i.HAL_GPIO_Init                          0x08000670   Section        0  stm32f1xx_hal_gpio.o(i.HAL_GPIO_Init)
    i.HAL_GPIO_ReadPin                       0x08000850   Section        0  stm32f1xx_hal_gpio.o(i.HAL_GPIO_ReadPin)
    i.HAL_GPIO_WritePin                      0x0800085a   Section        0  stm32f1xx_hal_gpio.o(i.HAL_GPIO_WritePin)
    i.HAL_GetTick                            0x08000864   Section        0  stm32f1xx_hal.o(i.HAL_GetTick)
    i.HAL_IncTick                            0x08000870   Section        0  stm32f1xx_hal.o(i.HAL_IncTick)
    i.HAL_Init                               0x08000880   Section        0  stm32f1xx_hal.o(i.HAL_Init)
    i.HAL_InitTick                           0x080008a4   Section        0  stm32f1xx_hal.o(i.HAL_InitTick)
    i.HAL_MspInit                            0x080008e4   Section        0  stm32f1xx_hal_msp.o(i.HAL_MspInit)
    i.HAL_NVIC_EnableIRQ                     0x08000920   Section        0  stm32f1xx_hal_cortex.o(i.HAL_NVIC_EnableIRQ)
    i.HAL_NVIC_SetPriority                   0x0800093c   Section        0  stm32f1xx_hal_cortex.o(i.HAL_NVIC_SetPriority)
    i.HAL_NVIC_SetPriorityGrouping           0x0800097c   Section        0  stm32f1xx_hal_cortex.o(i.HAL_NVIC_SetPriorityGrouping)
    i.HAL_PCDEx_PMAConfig                    0x080009a0   Section        0  stm32f1xx_hal_pcd_ex.o(i.HAL_PCDEx_PMAConfig)
    i.HAL_PCDEx_SetConnectionState           0x080009dc   Section        0  usbd_conf.o(i.HAL_PCDEx_SetConnectionState)
    i.HAL_PCD_DataInStageCallback            0x080009de   Section        0  usbd_conf.o(i.HAL_PCD_DataInStageCallback)
    i.HAL_PCD_DataOutStageCallback           0x080009f0   Section        0  usbd_conf.o(i.HAL_PCD_DataOutStageCallback)
    i.HAL_PCD_EP_Close                       0x08000a04   Section        0  stm32f1xx_hal_pcd.o(i.HAL_PCD_EP_Close)
    i.HAL_PCD_EP_ClrStall                    0x08000a50   Section        0  stm32f1xx_hal_pcd.o(i.HAL_PCD_EP_ClrStall)
    i.HAL_PCD_EP_DB_Receive                  0x08000aac   Section        0  stm32f1xx_hal_pcd.o(i.HAL_PCD_EP_DB_Receive)
    HAL_PCD_EP_DB_Receive                    0x08000aad   Thumb Code   230  stm32f1xx_hal_pcd.o(i.HAL_PCD_EP_DB_Receive)
    i.HAL_PCD_EP_DB_Transmit                 0x08000b92   Section        0  stm32f1xx_hal_pcd.o(i.HAL_PCD_EP_DB_Transmit)
    HAL_PCD_EP_DB_Transmit                   0x08000b93   Thumb Code   824  stm32f1xx_hal_pcd.o(i.HAL_PCD_EP_DB_Transmit)
    i.HAL_PCD_EP_Open                        0x08000eca   Section        0  stm32f1xx_hal_pcd.o(i.HAL_PCD_EP_Open)
    i.HAL_PCD_EP_Receive                     0x08000f24   Section        0  stm32f1xx_hal_pcd.o(i.HAL_PCD_EP_Receive)
    i.HAL_PCD_EP_SetStall                    0x08000f52   Section        0  stm32f1xx_hal_pcd.o(i.HAL_PCD_EP_SetStall)
    i.HAL_PCD_EP_Transmit                    0x08000fc4   Section        0  stm32f1xx_hal_pcd.o(i.HAL_PCD_EP_Transmit)
    i.HAL_PCD_IRQHandler                     0x08000ff4   Section        0  stm32f1xx_hal_pcd.o(i.HAL_PCD_IRQHandler)
    i.HAL_PCD_Init                           0x08001128   Section        0  stm32f1xx_hal_pcd.o(i.HAL_PCD_Init)
    i.HAL_PCD_MspInit                        0x08001204   Section        0  usbd_conf.o(i.HAL_PCD_MspInit)
    i.HAL_PCD_ResetCallback                  0x08001240   Section        0  usbd_conf.o(i.HAL_PCD_ResetCallback)
    i.HAL_PCD_ResumeCallback                 0x08001266   Section        0  usbd_conf.o(i.HAL_PCD_ResumeCallback)
    i.HAL_PCD_SOFCallback                    0x0800126e   Section        0  usbd_conf.o(i.HAL_PCD_SOFCallback)
    i.HAL_PCD_SetAddress                     0x08001276   Section        0  stm32f1xx_hal_pcd.o(i.HAL_PCD_SetAddress)
    i.HAL_PCD_SetupStageCallback             0x0800129e   Section        0  usbd_conf.o(i.HAL_PCD_SetupStageCallback)
    i.HAL_PCD_Start                          0x080012ac   Section        0  stm32f1xx_hal_pcd.o(i.HAL_PCD_Start)
    i.HAL_PCD_SuspendCallback                0x080012e0   Section        0  usbd_conf.o(i.HAL_PCD_SuspendCallback)
    i.HAL_RCCEx_PeriphCLKConfig              0x08001304   Section        0  stm32f1xx_hal_rcc_ex.o(i.HAL_RCCEx_PeriphCLKConfig)
    i.HAL_RCC_ClockConfig                    0x080013f0   Section        0  stm32f1xx_hal_rcc.o(i.HAL_RCC_ClockConfig)
    i.HAL_RCC_GetSysClockFreq                0x0800151c   Section        0  stm32f1xx_hal_rcc.o(i.HAL_RCC_GetSysClockFreq)
    i.HAL_RCC_OscConfig                      0x08001568   Section        0  stm32f1xx_hal_rcc.o(i.HAL_RCC_OscConfig)
    i.HAL_SYSTICK_Config                     0x08001888   Section        0  stm32f1xx_hal_cortex.o(i.HAL_SYSTICK_Config)
    i.HAL_TIMEx_MasterConfigSynchronization  0x080018b0   Section        0  stm32f1xx_hal_tim_ex.o(i.HAL_TIMEx_MasterConfigSynchronization)
    i.HAL_TIM_ErrorCallback                  0x08001918   Section        0  stm32f1xx_hal_tim.o(i.HAL_TIM_ErrorCallback)
    i.HAL_TIM_MspPostInit                    0x0800191c   Section        0  tim.o(i.HAL_TIM_MspPostInit)
    i.HAL_TIM_PWM_ConfigChannel              0x08001968   Section        0  stm32f1xx_hal_tim.o(i.HAL_TIM_PWM_ConfigChannel)
    i.HAL_TIM_PWM_Init                       0x08001a34   Section        0  stm32f1xx_hal_tim.o(i.HAL_TIM_PWM_Init)
    i.HAL_TIM_PWM_MspInit                    0x08001a90   Section        0  tim.o(i.HAL_TIM_PWM_MspInit)
    i.HAL_TIM_PWM_PulseFinishedCallback      0x08001af4   Section        0  main.o(i.HAL_TIM_PWM_PulseFinishedCallback)
    i.HAL_TIM_PWM_PulseFinishedHalfCpltCallback 0x08001b00   Section        0  stm32f1xx_hal_tim.o(i.HAL_TIM_PWM_PulseFinishedHalfCpltCallback)
    i.HAL_TIM_PWM_Start_DMA                  0x08001b04   Section        0  stm32f1xx_hal_tim.o(i.HAL_TIM_PWM_Start_DMA)
    i.HAL_TIM_PWM_Stop_DMA                   0x08001c98   Section        0  stm32f1xx_hal_tim.o(i.HAL_TIM_PWM_Stop_DMA)
    i.HardFault_Handler                      0x08001d5c   Section        0  stm32f1xx_it.o(i.HardFault_Handler)
    i.IntToUnicode                           0x08001d60   Section        0  usbd_desc.o(i.IntToUnicode)
    IntToUnicode                             0x08001d61   Thumb Code    56  usbd_desc.o(i.IntToUnicode)
    i.MX_DMA_Init                            0x08001d98   Section        0  dma.o(i.MX_DMA_Init)
    i.MX_GPIO_Init                           0x08001dc4   Section        0  gpio.o(i.MX_GPIO_Init)
    i.MX_TIM3_Init                           0x08001ee8   Section        0  tim.o(i.MX_TIM3_Init)
    i.MX_USB_DEVICE_Init                     0x08001f58   Section        0  usb_device.o(i.MX_USB_DEVICE_Init)
    i.MemManage_Handler                      0x08001f98   Section        0  stm32f1xx_it.o(i.MemManage_Handler)
    i.NMI_Handler                            0x08001f9a   Section        0  stm32f1xx_it.o(i.NMI_Handler)
    i.PCD_EP_ISR_Handler                     0x08001f9c   Section        0  stm32f1xx_hal_pcd.o(i.PCD_EP_ISR_Handler)
    PCD_EP_ISR_Handler                       0x08001f9d   Thumb Code   940  stm32f1xx_hal_pcd.o(i.PCD_EP_ISR_Handler)
    i.PendSV_Handler                         0x08002348   Section        0  stm32f1xx_it.o(i.PendSV_Handler)
    i.SVC_Handler                            0x0800234a   Section        0  stm32f1xx_it.o(i.SVC_Handler)
    i.SysTick_Handler                        0x0800234c   Section        0  stm32f1xx_it.o(i.SysTick_Handler)
    i.SystemClock_Config                     0x08002350   Section        0  main.o(i.SystemClock_Config)
    i.SystemInit                             0x080023c6   Section        0  system_stm32f1xx.o(i.SystemInit)
    i.TIM_Base_SetConfig                     0x080023c8   Section        0  stm32f1xx_hal_tim.o(i.TIM_Base_SetConfig)
    i.TIM_CCxChannelCmd                      0x08002434   Section        0  stm32f1xx_hal_tim.o(i.TIM_CCxChannelCmd)
    i.TIM_DMADelayPulseCplt                  0x0800244e   Section        0  stm32f1xx_hal_tim.o(i.TIM_DMADelayPulseCplt)
    TIM_DMADelayPulseCplt                    0x0800244f   Thumb Code    94  stm32f1xx_hal_tim.o(i.TIM_DMADelayPulseCplt)
    i.TIM_DMADelayPulseHalfCplt              0x080024ac   Section        0  stm32f1xx_hal_tim.o(i.TIM_DMADelayPulseHalfCplt)
    i.TIM_DMAError                           0x080024e4   Section        0  stm32f1xx_hal_tim.o(i.TIM_DMAError)
    i.TIM_OC1_SetConfig                      0x08002538   Section        0  stm32f1xx_hal_tim.o(i.TIM_OC1_SetConfig)
    TIM_OC1_SetConfig                        0x08002539   Thumb Code    74  stm32f1xx_hal_tim.o(i.TIM_OC1_SetConfig)
    i.TIM_OC2_SetConfig                      0x08002588   Section        0  stm32f1xx_hal_tim.o(i.TIM_OC2_SetConfig)
    i.TIM_OC3_SetConfig                      0x080025e0   Section        0  stm32f1xx_hal_tim.o(i.TIM_OC3_SetConfig)
    TIM_OC3_SetConfig                        0x080025e1   Thumb Code    82  stm32f1xx_hal_tim.o(i.TIM_OC3_SetConfig)
    i.TIM_OC4_SetConfig                      0x08002638   Section        0  stm32f1xx_hal_tim.o(i.TIM_OC4_SetConfig)
    TIM_OC4_SetConfig                        0x08002639   Thumb Code    64  stm32f1xx_hal_tim.o(i.TIM_OC4_SetConfig)
    i.USBD_ClrClassConfig                    0x0800267c   Section        0  usbd_core.o(i.USBD_ClrClassConfig)
    i.USBD_CtlContinueRx                     0x0800268a   Section        0  usbd_ioreq.o(i.USBD_CtlContinueRx)
    i.USBD_CtlContinueSendData               0x0800269a   Section        0  usbd_ioreq.o(i.USBD_CtlContinueSendData)
    i.USBD_CtlError                          0x080026aa   Section        0  usbd_ctlreq.o(i.USBD_CtlError)
    i.USBD_CtlReceiveStatus                  0x080026c0   Section        0  usbd_ioreq.o(i.USBD_CtlReceiveStatus)
    i.USBD_CtlSendData                       0x080026d6   Section        0  usbd_ioreq.o(i.USBD_CtlSendData)
    i.USBD_CtlSendStatus                     0x080026f0   Section        0  usbd_ioreq.o(i.USBD_CtlSendStatus)
    i.USBD_FS_ConfigStrDescriptor            0x08002708   Section        0  usbd_desc.o(i.USBD_FS_ConfigStrDescriptor)
    i.USBD_FS_DeviceDescriptor               0x08002728   Section        0  usbd_desc.o(i.USBD_FS_DeviceDescriptor)
    i.USBD_FS_InterfaceStrDescriptor         0x08002734   Section        0  usbd_desc.o(i.USBD_FS_InterfaceStrDescriptor)
    i.USBD_FS_LangIDStrDescriptor            0x08002758   Section        0  usbd_desc.o(i.USBD_FS_LangIDStrDescriptor)
    i.USBD_FS_ManufacturerStrDescriptor      0x08002764   Section        0  usbd_desc.o(i.USBD_FS_ManufacturerStrDescriptor)
    i.USBD_FS_ProductStrDescriptor           0x0800277c   Section        0  usbd_desc.o(i.USBD_FS_ProductStrDescriptor)
    i.USBD_FS_SerialStrDescriptor            0x08002798   Section        0  usbd_desc.o(i.USBD_FS_SerialStrDescriptor)
    i.USBD_GetDescriptor                     0x080027d0   Section        0  usbd_ctlreq.o(i.USBD_GetDescriptor)
    USBD_GetDescriptor                       0x080027d1   Thumb Code   232  usbd_ctlreq.o(i.USBD_GetDescriptor)
    i.USBD_GetString                         0x080028b8   Section        0  usbd_ctlreq.o(i.USBD_GetString)
    i.USBD_Get_USB_Status                    0x08002900   Section        0  usbd_conf.o(i.USBD_Get_USB_Status)
    USBD_Get_USB_Status                      0x08002901   Thumb Code    24  usbd_conf.o(i.USBD_Get_USB_Status)
    i.USBD_HID_DataIn                        0x08002918   Section        0  usbd_hid.o(i.USBD_HID_DataIn)
    USBD_HID_DataIn                          0x08002919   Thumb Code    12  usbd_hid.o(i.USBD_HID_DataIn)
    i.USBD_HID_DeInit                        0x08002924   Section        0  usbd_hid.o(i.USBD_HID_DeInit)
    USBD_HID_DeInit                          0x08002925   Thumb Code    32  usbd_hid.o(i.USBD_HID_DeInit)
    i.USBD_HID_GetDeviceQualifierDesc        0x08002944   Section        0  usbd_hid.o(i.USBD_HID_GetDeviceQualifierDesc)
    USBD_HID_GetDeviceQualifierDesc          0x08002945   Thumb Code     8  usbd_hid.o(i.USBD_HID_GetDeviceQualifierDesc)
    i.USBD_HID_GetFSCfgDesc                  0x08002950   Section        0  usbd_hid.o(i.USBD_HID_GetFSCfgDesc)
    USBD_HID_GetFSCfgDesc                    0x08002951   Thumb Code     8  usbd_hid.o(i.USBD_HID_GetFSCfgDesc)
    i.USBD_HID_GetHSCfgDesc                  0x0800295c   Section        0  usbd_hid.o(i.USBD_HID_GetHSCfgDesc)
    USBD_HID_GetHSCfgDesc                    0x0800295d   Thumb Code     8  usbd_hid.o(i.USBD_HID_GetHSCfgDesc)
    i.USBD_HID_GetOtherSpeedCfgDesc          0x08002968   Section        0  usbd_hid.o(i.USBD_HID_GetOtherSpeedCfgDesc)
    USBD_HID_GetOtherSpeedCfgDesc            0x08002969   Thumb Code     8  usbd_hid.o(i.USBD_HID_GetOtherSpeedCfgDesc)
    i.USBD_HID_Init                          0x08002974   Section        0  usbd_hid.o(i.USBD_HID_Init)
    USBD_HID_Init                            0x08002975   Thumb Code    42  usbd_hid.o(i.USBD_HID_Init)
    i.USBD_HID_SendReport                    0x0800299e   Section        0  usbd_hid.o(i.USBD_HID_SendReport)
    i.USBD_HID_Setup                         0x080029c4   Section        0  usbd_hid.o(i.USBD_HID_Setup)
    USBD_HID_Setup                           0x080029c5   Thumb Code   196  usbd_hid.o(i.USBD_HID_Setup)
    i.USBD_Init                              0x08002a8c   Section        0  usbd_core.o(i.USBD_Init)
    i.USBD_LL_ClearStallEP                   0x08002ab6   Section        0  usbd_conf.o(i.USBD_LL_ClearStallEP)
    i.USBD_LL_CloseEP                        0x08002ac8   Section        0  usbd_conf.o(i.USBD_LL_CloseEP)
    i.USBD_LL_DataInStage                    0x08002ada   Section        0  usbd_core.o(i.USBD_LL_DataInStage)
    i.USBD_LL_DataOutStage                   0x08002ba0   Section        0  usbd_core.o(i.USBD_LL_DataOutStage)
    i.USBD_LL_Init                           0x08002c24   Section        0  usbd_conf.o(i.USBD_LL_Init)
    i.USBD_LL_IsStallEP                      0x08002c8c   Section        0  usbd_conf.o(i.USBD_LL_IsStallEP)
    i.USBD_LL_OpenEP                         0x08002cac   Section        0  usbd_conf.o(i.USBD_LL_OpenEP)
    i.USBD_LL_PrepareReceive                 0x08002cc4   Section        0  usbd_conf.o(i.USBD_LL_PrepareReceive)
    i.USBD_LL_Reset                          0x08002cd6   Section        0  usbd_core.o(i.USBD_LL_Reset)
    i.USBD_LL_Resume                         0x08002d26   Section        0  usbd_core.o(i.USBD_LL_Resume)
    i.USBD_LL_SOF                            0x08002d3a   Section        0  usbd_core.o(i.USBD_LL_SOF)
    i.USBD_LL_SetSpeed                       0x08002d52   Section        0  usbd_core.o(i.USBD_LL_SetSpeed)
    i.USBD_LL_SetUSBAddress                  0x08002d58   Section        0  usbd_conf.o(i.USBD_LL_SetUSBAddress)
    i.USBD_LL_SetupStage                     0x08002d6a   Section        0  usbd_core.o(i.USBD_LL_SetupStage)
    i.USBD_LL_StallEP                        0x08002dc4   Section        0  usbd_conf.o(i.USBD_LL_StallEP)
    i.USBD_LL_Start                          0x08002dd6   Section        0  usbd_conf.o(i.USBD_LL_Start)
    i.USBD_LL_Suspend                        0x08002de8   Section        0  usbd_core.o(i.USBD_LL_Suspend)
    i.USBD_LL_Transmit                       0x08002dfa   Section        0  usbd_conf.o(i.USBD_LL_Transmit)
    i.USBD_ParseSetupRequest                 0x08002e0c   Section        0  usbd_ctlreq.o(i.USBD_ParseSetupRequest)
    i.USBD_RegisterClass                     0x08002e34   Section        0  usbd_core.o(i.USBD_RegisterClass)
    i.USBD_SetClassConfig                    0x08002e44   Section        0  usbd_core.o(i.USBD_SetClassConfig)
    i.USBD_SetConfig                         0x08002e5c   Section        0  usbd_ctlreq.o(i.USBD_SetConfig)
    USBD_SetConfig                           0x08002e5d   Thumb Code   128  usbd_ctlreq.o(i.USBD_SetConfig)
    i.USBD_Start                             0x08002ee0   Section        0  usbd_core.o(i.USBD_Start)
    i.USBD_StdDevReq                         0x08002eea   Section        0  usbd_ctlreq.o(i.USBD_StdDevReq)
    i.USBD_StdEPReq                          0x08002ffc   Section        0  usbd_ctlreq.o(i.USBD_StdEPReq)
    i.USBD_StdItfReq                         0x0800314c   Section        0  usbd_ctlreq.o(i.USBD_StdItfReq)
    i.USBD_static_free                       0x0800319a   Section        0  usbd_conf.o(i.USBD_static_free)
    i.USBD_static_malloc                     0x0800319c   Section        0  usbd_conf.o(i.USBD_static_malloc)
    i.USB_ActivateEndpoint                   0x080031a4   Section        0  stm32f1xx_ll_usb.o(i.USB_ActivateEndpoint)
    i.USB_CoreInit                           0x08003440   Section        0  stm32f1xx_ll_usb.o(i.USB_CoreInit)
    i.USB_DeactivateEndpoint                 0x08003444   Section        0  stm32f1xx_ll_usb.o(i.USB_DeactivateEndpoint)
    i.USB_DevConnect                         0x08003552   Section        0  stm32f1xx_ll_usb.o(i.USB_DevConnect)
    i.USB_DevDisconnect                      0x08003556   Section        0  stm32f1xx_ll_usb.o(i.USB_DevDisconnect)
    i.USB_DevInit                            0x0800355a   Section        0  stm32f1xx_ll_usb.o(i.USB_DevInit)
    i.USB_DisableGlobalInt                   0x0800356c   Section        0  stm32f1xx_ll_usb.o(i.USB_DisableGlobalInt)
    i.USB_EP0_OutStart                       0x0800357a   Section        0  stm32f1xx_ll_usb.o(i.USB_EP0_OutStart)
    i.USB_EPClearStall                       0x0800357e   Section        0  stm32f1xx_ll_usb.o(i.USB_EPClearStall)
    i.USB_EPSetStall                         0x080035f6   Section        0  stm32f1xx_ll_usb.o(i.USB_EPSetStall)
    i.USB_EPStartXfer                        0x08003628   Section        0  stm32f1xx_ll_usb.o(i.USB_EPStartXfer)
    i.USB_EnableGlobalInt                    0x08003b0a   Section        0  stm32f1xx_ll_usb.o(i.USB_EnableGlobalInt)
    i.USB_LP_CAN1_RX0_IRQHandler             0x08003b1c   Section        0  stm32f1xx_it.o(i.USB_LP_CAN1_RX0_IRQHandler)
    i.USB_ReadInterrupts                     0x08003b28   Section        0  stm32f1xx_ll_usb.o(i.USB_ReadInterrupts)
    i.USB_ReadPMA                            0x08003b30   Section        0  stm32f1xx_ll_usb.o(i.USB_ReadPMA)
    i.USB_SetCurrentMode                     0x08003b5c   Section        0  stm32f1xx_ll_usb.o(i.USB_SetCurrentMode)
    i.USB_SetDevAddress                      0x08003b60   Section        0  stm32f1xx_ll_usb.o(i.USB_SetDevAddress)
    i.USB_WritePMA                           0x08003b6c   Section        0  stm32f1xx_ll_usb.o(i.USB_WritePMA)
    i.UsageFault_Handler                     0x08003b92   Section        0  stm32f1xx_it.o(i.UsageFault_Handler)
    i.__NVIC_SetPriority                     0x08003b94   Section        0  stm32f1xx_hal_cortex.o(i.__NVIC_SetPriority)
    __NVIC_SetPriority                       0x08003b95   Thumb Code    32  stm32f1xx_hal_cortex.o(i.__NVIC_SetPriority)
    i.brightness_init                        0x08003bb4   Section        0  ws2812.o(i.brightness_init)
    i.brightness_init1                       0x08003c74   Section        0  ws2812.o(i.brightness_init1)
    i.col_write                              0x08003db4   Section        0  key_matrix.o(i.col_write)
    i.key_scan                               0x08003e80   Section        0  key_matrix.o(i.key_scan)
    i.main                                   0x08004020   Section        0  main.o(i.main)
    i.palette_init                           0x08004044   Section        0  ws2812.o(i.palette_init)
    i.palette_init1                          0x08004218   Section        0  ws2812.o(i.palette_init1)
    i.row_read                               0x08004358   Section        0  key_matrix.o(i.row_read)
    i.ws2812_animation_breathing             0x080043a8   Section        0  ws2812.o(i.ws2812_animation_breathing)
    i.ws2812_animation_rainbow               0x08004438   Section        0  ws2812.o(i.ws2812_animation_rainbow)
    i.ws2812_animation_start                 0x08004530   Section        0  ws2812.o(i.ws2812_animation_start)
    i.ws2812_init                            0x08004548   Section        0  ws2812.o(i.ws2812_init)
    i.ws2812_set_RGB                         0x08004560   Section        0  ws2812.o(i.ws2812_set_RGB)
    x$fpl$dadd                               0x080045b4   Section      336  daddsub_clz.o(x$fpl$dadd)
    _dadd1                                   0x080045c5   Thumb Code     0  daddsub_clz.o(x$fpl$dadd)
    x$fpl$dfixu                              0x08004704   Section       90  dfixu.o(x$fpl$dfixu)
    x$fpl$dfltu                              0x0800475e   Section       38  dflt_clz.o(x$fpl$dfltu)
    x$fpl$dmul                               0x08004784   Section      340  dmul.o(x$fpl$dmul)
    x$fpl$dnaninf                            0x080048d8   Section      156  dnaninf.o(x$fpl$dnaninf)
    x$fpl$dretinf                            0x08004974   Section       12  dretinf.o(x$fpl$dretinf)
    x$fpl$dsub                               0x08004980   Section      468  daddsub_clz.o(x$fpl$dsub)
    _dsub1                                   0x08004991   Thumb Code     0  daddsub_clz.o(x$fpl$dsub)
    .constdata                               0x08004b54   Section       18  stm32f1xx_hal_rcc.o(.constdata)
    x$fpl$usenofp                            0x08004b54   Section        0  usenofp.o(x$fpl$usenofp)
    aPredivFactorTable                       0x08004b54   Data           2  stm32f1xx_hal_rcc.o(.constdata)
    aPLLMULFactorTable                       0x08004b56   Data          16  stm32f1xx_hal_rcc.o(.constdata)
    .constdata                               0x08004b66   Section       16  system_stm32f1xx.o(.constdata)
    .data                                    0x20000000   Section        8  key_matrix.o(.data)
    .data                                    0x20000008   Section      196  keymap.o(.data)
    .data                                    0x200000cc   Section      122  keymap.o(.data)
    .data                                    0x20000146   Section        3  ws2812.o(.data)
    .data                                    0x2000014c   Section       28  usbd_desc.o(.data)
    .data                                    0x20000168   Section       50  usbd_desc.o(.data)
    .data                                    0x2000019c   Section       12  stm32f1xx_hal.o(.data)
    .data                                    0x200001a8   Section        4  system_stm32f1xx.o(.data)
    .data                                    0x200001ac   Section        1  usbd_ctlreq.o(.data)
    cfgidx                                   0x200001ac   Data           1  usbd_ctlreq.o(.data)
    .data                                    0x200001b0   Section       56  usbd_hid.o(.data)
    .data                                    0x200001e8   Section      206  usbd_hid.o(.data)
    USBD_HID_CfgFSDesc                       0x200001e8   Data          34  usbd_hid.o(.data)
    USBD_HID_CfgHSDesc                       0x2000020c   Data          34  usbd_hid.o(.data)
    USBD_HID_OtherSpeedCfgDesc               0x20000230   Data          34  usbd_hid.o(.data)
    USBD_HID_Desc                            0x20000254   Data           9  usbd_hid.o(.data)
    USBD_HID_DeviceQualifierDesc             0x20000260   Data          10  usbd_hid.o(.data)
    HID_MOUSE_ReportDesc                     0x2000026c   Data          74  usbd_hid.o(.data)
    .bss                                     0x200002b8   Section     5824  ws2812.o(.bss)
    RGB_buffer                               0x200002b8   Data        3088  ws2812.o(.bss)
    rainbow_palette                          0x20000ec8   Data         684  ws2812.o(.bss)
    breathing_palette                        0x20001174   Data        1368  ws2812.o(.bss)
    total_brightness                         0x200016cc   Data         228  ws2812.o(.bss)
    total_brightness1                        0x200017b0   Data         456  ws2812.o(.bss)
    .bss                                     0x20001978   Section      140  tim.o(.bss)
    .bss                                     0x20001a04   Section      708  usb_device.o(.bss)
    .bss                                     0x20001cc8   Section      512  usbd_desc.o(.bss)
    .bss                                     0x20001ec8   Section      772  usbd_conf.o(.bss)
    mem                                      0x20001ec8   Data          20  usbd_conf.o(.bss)
    .bss                                     0x200021cc   Section       96  libspace.o(.bss)
    HEAP                                     0x20002230   Section      512  startup_stm32f103xb.o(HEAP)
    Heap_Mem                                 0x20002230   Data         512  startup_stm32f103xb.o(HEAP)
    STACK                                    0x20002430   Section     1024  startup_stm32f103xb.o(STACK)
    Stack_Mem                                0x20002430   Data        1024  startup_stm32f103xb.o(STACK)
    __initial_sp                             0x20002830   Data           0  startup_stm32f103xb.o(STACK)

    Global Symbols

    Symbol Name                              Value     Ov Type        Size  Object(Section)

    BuildAttributes$$THM_ISAv4$P$D$K$B$S$PE$A:L22UL41UL21$X:L11$S22US41US21$IEEE1$IW$USESV6$~STKCKD$USESV7$~SHL$OSPACE$ROPI$EBA8$UX$STANDARDLIB$REQ8$PRES8$EABIv2 0x00000000   Number         0  anon$$obj.o ABSOLUTE
    __ARM_use_no_argv                        0x00000000   Number         0  main.o ABSOLUTE
    __ARM_exceptions_init                     - Undefined Weak Reference
    __alloca_initialize                       - Undefined Weak Reference
    __arm_preinit_                            - Undefined Weak Reference
    __cpp_initialize__aeabi_                  - Undefined Weak Reference
    __cxa_finalize                            - Undefined Weak Reference
    __rt_locale                               - Undefined Weak Reference
    __sigvec_lookup                           - Undefined Weak Reference
    _atexit_init                              - Undefined Weak Reference
    _call_atexit_fns                          - Undefined Weak Reference
    _clock_init                               - Undefined Weak Reference
    _fp_trap_init                             - Undefined Weak Reference
    _fp_trap_shutdown                         - Undefined Weak Reference
    _get_lc_collate                           - Undefined Weak Reference
    _get_lc_ctype                             - Undefined Weak Reference
    _get_lc_monetary                          - Undefined Weak Reference
    _get_lc_numeric                           - Undefined Weak Reference
    _get_lc_time                              - Undefined Weak Reference
    _getenv_init                              - Undefined Weak Reference
    _handle_redirection                       - Undefined Weak Reference
    _init_alloc                               - Undefined Weak Reference
    _init_user_alloc                          - Undefined Weak Reference
    _initio                                   - Undefined Weak Reference
    _rand_init                                - Undefined Weak Reference
    _signal_finish                            - Undefined Weak Reference
    _signal_init                              - Undefined Weak Reference
    _terminate_alloc                          - Undefined Weak Reference
    _terminate_user_alloc                     - Undefined Weak Reference
    _terminateio                              - Undefined Weak Reference
    __Vectors_Size                           0x000000ec   Number         0  startup_stm32f103xb.o ABSOLUTE
    __Vectors                                0x08000000   Data           4  startup_stm32f103xb.o(RESET)
    __Vectors_End                            0x080000ec   Data           0  startup_stm32f103xb.o(RESET)
    __main                                   0x080000ed   Thumb Code     8  __main.o(!!!main)
    __scatterload                            0x080000f5   Thumb Code     0  __scatter.o(!!!scatter)
    __scatterload_rt2                        0x080000f5   Thumb Code    44  __scatter.o(!!!scatter)
    __scatterload_rt2_thumb_only             0x080000f5   Thumb Code     0  __scatter.o(!!!scatter)
    __scatterload_null                       0x08000103   Thumb Code     0  __scatter.o(!!!scatter)
    __decompress                             0x08000129   Thumb Code    90  __dczerorl2.o(!!dczerorl2)
    __decompress1                            0x08000129   Thumb Code     0  __dczerorl2.o(!!dczerorl2)
    __scatterload_zeroinit                   0x08000185   Thumb Code    28  __scatter_zi.o(!!handler_zi)
    __rt_lib_init                            0x080001a1   Thumb Code     0  libinit.o(.ARM.Collect$$libinit$$00000000)
    __rt_lib_init_alloca_1                   0x080001a3   Thumb Code     0  libinit2.o(.ARM.Collect$$libinit$$0000002E)
    __rt_lib_init_argv_1                     0x080001a3   Thumb Code     0  libinit2.o(.ARM.Collect$$libinit$$0000002C)
    __rt_lib_init_atexit_1                   0x080001a3   Thumb Code     0  libinit2.o(.ARM.Collect$$libinit$$0000001B)
    __rt_lib_init_clock_1                    0x080001a3   Thumb Code     0  libinit2.o(.ARM.Collect$$libinit$$00000021)
    __rt_lib_init_cpp_1                      0x080001a3   Thumb Code     0  libinit2.o(.ARM.Collect$$libinit$$00000032)
    __rt_lib_init_exceptions_1               0x080001a3   Thumb Code     0  libinit2.o(.ARM.Collect$$libinit$$00000030)
    __rt_lib_init_fp_1                       0x080001a3   Thumb Code     0  libinit2.o(.ARM.Collect$$libinit$$00000002)
    __rt_lib_init_fp_trap_1                  0x080001a3   Thumb Code     0  libinit2.o(.ARM.Collect$$libinit$$0000001F)
    __rt_lib_init_getenv_1                   0x080001a3   Thumb Code     0  libinit2.o(.ARM.Collect$$libinit$$00000023)
    __rt_lib_init_heap_1                     0x080001a3   Thumb Code     0  libinit2.o(.ARM.Collect$$libinit$$0000000A)
    __rt_lib_init_lc_collate_1               0x080001a3   Thumb Code     0  libinit2.o(.ARM.Collect$$libinit$$00000011)
    __rt_lib_init_lc_ctype_1                 0x080001a3   Thumb Code     0  libinit2.o(.ARM.Collect$$libinit$$00000013)
    __rt_lib_init_lc_monetary_1              0x080001a3   Thumb Code     0  libinit2.o(.ARM.Collect$$libinit$$00000015)
    __rt_lib_init_lc_numeric_1               0x080001a3   Thumb Code     0  libinit2.o(.ARM.Collect$$libinit$$00000017)
    __rt_lib_init_lc_time_1                  0x080001a3   Thumb Code     0  libinit2.o(.ARM.Collect$$libinit$$00000019)
    __rt_lib_init_preinit_1                  0x080001a3   Thumb Code     0  libinit2.o(.ARM.Collect$$libinit$$00000004)
    __rt_lib_init_rand_1                     0x080001a3   Thumb Code     0  libinit2.o(.ARM.Collect$$libinit$$0000000E)
    __rt_lib_init_return                     0x080001a3   Thumb Code     0  libinit2.o(.ARM.Collect$$libinit$$00000033)
    __rt_lib_init_signal_1                   0x080001a3   Thumb Code     0  libinit2.o(.ARM.Collect$$libinit$$0000001D)
    __rt_lib_init_stdio_1                    0x080001a3   Thumb Code     0  libinit2.o(.ARM.Collect$$libinit$$00000025)
    __rt_lib_init_user_alloc_1               0x080001a3   Thumb Code     0  libinit2.o(.ARM.Collect$$libinit$$0000000C)
    __rt_lib_shutdown                        0x080001a5   Thumb Code     0  libshutdown.o(.ARM.Collect$$libshutdown$$00000000)
    __rt_lib_shutdown_cpp_1                  0x080001a7   Thumb Code     0  libshutdown2.o(.ARM.Collect$$libshutdown$$00000002)
    __rt_lib_shutdown_fp_trap_1              0x080001a7   Thumb Code     0  libshutdown2.o(.ARM.Collect$$libshutdown$$00000007)
    __rt_lib_shutdown_heap_1                 0x080001a7   Thumb Code     0  libshutdown2.o(.ARM.Collect$$libshutdown$$0000000F)
    __rt_lib_shutdown_return                 0x080001a7   Thumb Code     0  libshutdown2.o(.ARM.Collect$$libshutdown$$00000010)
    __rt_lib_shutdown_signal_1               0x080001a7   Thumb Code     0  libshutdown2.o(.ARM.Collect$$libshutdown$$0000000A)
    __rt_lib_shutdown_stdio_1                0x080001a7   Thumb Code     0  libshutdown2.o(.ARM.Collect$$libshutdown$$00000004)
    __rt_lib_shutdown_user_alloc_1           0x080001a7   Thumb Code     0  libshutdown2.o(.ARM.Collect$$libshutdown$$0000000C)
    __rt_entry                               0x080001a9   Thumb Code     0  __rtentry.o(.ARM.Collect$$rtentry$$00000000)
    __rt_entry_presh_1                       0x080001a9   Thumb Code     0  __rtentry2.o(.ARM.Collect$$rtentry$$00000002)
    __rt_entry_sh                            0x080001a9   Thumb Code     0  __rtentry4.o(.ARM.Collect$$rtentry$$00000004)
    __rt_entry_li                            0x080001af   Thumb Code     0  __rtentry2.o(.ARM.Collect$$rtentry$$0000000A)
    __rt_entry_postsh_1                      0x080001af   Thumb Code     0  __rtentry2.o(.ARM.Collect$$rtentry$$00000009)
    __rt_entry_main                          0x080001b3   Thumb Code     0  __rtentry2.o(.ARM.Collect$$rtentry$$0000000D)
    __rt_entry_postli_1                      0x080001b3   Thumb Code     0  __rtentry2.o(.ARM.Collect$$rtentry$$0000000C)
    __rt_exit                                0x080001bb   Thumb Code     0  rtexit.o(.ARM.Collect$$rtexit$$00000000)
    __rt_exit_ls                             0x080001bd   Thumb Code     0  rtexit2.o(.ARM.Collect$$rtexit$$00000003)
    __rt_exit_prels_1                        0x080001bd   Thumb Code     0  rtexit2.o(.ARM.Collect$$rtexit$$00000002)
    __rt_exit_exit                           0x080001c1   Thumb Code     0  rtexit2.o(.ARM.Collect$$rtexit$$00000004)
    Reset_Handler                            0x080001c9   Thumb Code     8  startup_stm32f103xb.o(.text)
    ADC1_2_IRQHandler                        0x080001e3   Thumb Code     0  startup_stm32f103xb.o(.text)
    CAN1_RX1_IRQHandler                      0x080001e3   Thumb Code     0  startup_stm32f103xb.o(.text)
    CAN1_SCE_IRQHandler                      0x080001e3   Thumb Code     0  startup_stm32f103xb.o(.text)
    DMA1_Channel1_IRQHandler                 0x080001e3   Thumb Code     0  startup_stm32f103xb.o(.text)
    DMA1_Channel2_IRQHandler                 0x080001e3   Thumb Code     0  startup_stm32f103xb.o(.text)
    DMA1_Channel3_IRQHandler                 0x080001e3   Thumb Code     0  startup_stm32f103xb.o(.text)
    DMA1_Channel4_IRQHandler                 0x080001e3   Thumb Code     0  startup_stm32f103xb.o(.text)
    DMA1_Channel5_IRQHandler                 0x080001e3   Thumb Code     0  startup_stm32f103xb.o(.text)
    DMA1_Channel7_IRQHandler                 0x080001e3   Thumb Code     0  startup_stm32f103xb.o(.text)
    EXTI0_IRQHandler                         0x080001e3   Thumb Code     0  startup_stm32f103xb.o(.text)
    EXTI15_10_IRQHandler                     0x080001e3   Thumb Code     0  startup_stm32f103xb.o(.text)
    EXTI1_IRQHandler                         0x080001e3   Thumb Code     0  startup_stm32f103xb.o(.text)
    EXTI2_IRQHandler                         0x080001e3   Thumb Code     0  startup_stm32f103xb.o(.text)
    EXTI3_IRQHandler                         0x080001e3   Thumb Code     0  startup_stm32f103xb.o(.text)
    EXTI4_IRQHandler                         0x080001e3   Thumb Code     0  startup_stm32f103xb.o(.text)
    EXTI9_5_IRQHandler                       0x080001e3   Thumb Code     0  startup_stm32f103xb.o(.text)
    FLASH_IRQHandler                         0x080001e3   Thumb Code     0  startup_stm32f103xb.o(.text)
    I2C1_ER_IRQHandler                       0x080001e3   Thumb Code     0  startup_stm32f103xb.o(.text)
    I2C1_EV_IRQHandler                       0x080001e3   Thumb Code     0  startup_stm32f103xb.o(.text)
    I2C2_ER_IRQHandler                       0x080001e3   Thumb Code     0  startup_stm32f103xb.o(.text)
    I2C2_EV_IRQHandler                       0x080001e3   Thumb Code     0  startup_stm32f103xb.o(.text)
    PVD_IRQHandler                           0x080001e3   Thumb Code     0  startup_stm32f103xb.o(.text)
    RCC_IRQHandler                           0x080001e3   Thumb Code     0  startup_stm32f103xb.o(.text)
    RTC_Alarm_IRQHandler                     0x080001e3   Thumb Code     0  startup_stm32f103xb.o(.text)
    RTC_IRQHandler                           0x080001e3   Thumb Code     0  startup_stm32f103xb.o(.text)
    SPI1_IRQHandler                          0x080001e3   Thumb Code     0  startup_stm32f103xb.o(.text)
    SPI2_IRQHandler                          0x080001e3   Thumb Code     0  startup_stm32f103xb.o(.text)
    TAMPER_IRQHandler                        0x080001e3   Thumb Code     0  startup_stm32f103xb.o(.text)
    TIM1_BRK_IRQHandler                      0x080001e3   Thumb Code     0  startup_stm32f103xb.o(.text)
    TIM1_CC_IRQHandler                       0x080001e3   Thumb Code     0  startup_stm32f103xb.o(.text)
    TIM1_TRG_COM_IRQHandler                  0x080001e3   Thumb Code     0  startup_stm32f103xb.o(.text)
    TIM1_UP_IRQHandler                       0x080001e3   Thumb Code     0  startup_stm32f103xb.o(.text)
    TIM2_IRQHandler                          0x080001e3   Thumb Code     0  startup_stm32f103xb.o(.text)
    TIM3_IRQHandler                          0x080001e3   Thumb Code     0  startup_stm32f103xb.o(.text)
    TIM4_IRQHandler                          0x080001e3   Thumb Code     0  startup_stm32f103xb.o(.text)
    USART1_IRQHandler                        0x080001e3   Thumb Code     0  startup_stm32f103xb.o(.text)
    USART2_IRQHandler                        0x080001e3   Thumb Code     0  startup_stm32f103xb.o(.text)
    USART3_IRQHandler                        0x080001e3   Thumb Code     0  startup_stm32f103xb.o(.text)
    USBWakeUp_IRQHandler                     0x080001e3   Thumb Code     0  startup_stm32f103xb.o(.text)
    USB_HP_CAN1_TX_IRQHandler                0x080001e3   Thumb Code     0  startup_stm32f103xb.o(.text)
    WWDG_IRQHandler                          0x080001e3   Thumb Code     0  startup_stm32f103xb.o(.text)
    __user_initial_stackheap                 0x080001e5   Thumb Code     0  startup_stm32f103xb.o(.text)
    __aeabi_memcpy4                          0x08000209   Thumb Code     0  rt_memcpy_w.o(.text)
    __aeabi_memcpy8                          0x08000209   Thumb Code     0  rt_memcpy_w.o(.text)
    __rt_memcpy_w                            0x08000209   Thumb Code   100  rt_memcpy_w.o(.text)
    _memcpy_lastbytes_aligned                0x08000251   Thumb Code     0  rt_memcpy_w.o(.text)
    __aeabi_memclr4                          0x0800026d   Thumb Code     0  rt_memclr_w.o(.text)
    __aeabi_memclr8                          0x0800026d   Thumb Code     0  rt_memclr_w.o(.text)
    __rt_memclr_w                            0x0800026d   Thumb Code    78  rt_memclr_w.o(.text)
    _memset_w                                0x08000271   Thumb Code     0  rt_memclr_w.o(.text)
    __use_two_region_memory                  0x080002bb   Thumb Code     2  heapauxi.o(.text)
    __rt_heap_escrow$2region                 0x080002bd   Thumb Code     2  heapauxi.o(.text)
    __rt_heap_expand$2region                 0x080002bf   Thumb Code     2  heapauxi.o(.text)
    __user_setup_stackheap                   0x080002c1   Thumb Code    74  sys_stackheap_outer.o(.text)
    exit                                     0x0800030b   Thumb Code    18  exit.o(.text)
    __user_libspace                          0x0800031d   Thumb Code     8  libspace.o(.text)
    __user_perproc_libspace                  0x0800031d   Thumb Code     0  libspace.o(.text)
    __user_perthread_libspace                0x0800031d   Thumb Code     0  libspace.o(.text)
    _sys_exit                                0x08000325   Thumb Code     8  sys_exit.o(.text)
    __I$use$semihosting                      0x08000331   Thumb Code     0  use_no_semi.o(.text)
    __use_no_semihosting_swi                 0x08000331   Thumb Code     2  use_no_semi.o(.text)
    BusFault_Handler                         0x08000333   Thumb Code     2  stm32f1xx_it.o(i.BusFault_Handler)
    __semihosting_library_function           0x08000333   Thumb Code     0  indicate_semi.o(.text)
    DMA1_Channel6_IRQHandler                 0x08000335   Thumb Code     6  stm32f1xx_it.o(i.DMA1_Channel6_IRQHandler)
    DebugMon_Handler                         0x0800036b   Thumb Code     2  stm32f1xx_it.o(i.DebugMon_Handler)
    Error_Handler                            0x0800036d   Thumb Code     4  main.o(i.Error_Handler)
    HAL_DMA_Abort_IT                         0x08000371   Thumb Code   148  stm32f1xx_hal_dma.o(i.HAL_DMA_Abort_IT)
    HAL_DMA_IRQHandler                       0x08000409   Thumb Code   316  stm32f1xx_hal_dma.o(i.HAL_DMA_IRQHandler)
    HAL_DMA_Init                             0x0800055d   Thumb Code    84  stm32f1xx_hal_dma.o(i.HAL_DMA_Init)
    HAL_DMA_Start_IT                         0x080005b9   Thumb Code   112  stm32f1xx_hal_dma.o(i.HAL_DMA_Start_IT)
    HAL_Delay                                0x08000629   Thumb Code    32  stm32f1xx_hal.o(i.HAL_Delay)
    HAL_GPIOEx_ConfigEventout                0x0800064d   Thumb Code    16  stm32f1xx_hal_gpio_ex.o(i.HAL_GPIOEx_ConfigEventout)
    HAL_GPIOEx_EnableEventout                0x08000661   Thumb Code    12  stm32f1xx_hal_gpio_ex.o(i.HAL_GPIOEx_EnableEventout)
    HAL_GPIO_Init                            0x08000671   Thumb Code   446  stm32f1xx_hal_gpio.o(i.HAL_GPIO_Init)
    HAL_GPIO_ReadPin                         0x08000851   Thumb Code    10  stm32f1xx_hal_gpio.o(i.HAL_GPIO_ReadPin)
    HAL_GPIO_WritePin                        0x0800085b   Thumb Code    10  stm32f1xx_hal_gpio.o(i.HAL_GPIO_WritePin)
    HAL_GetTick                              0x08000865   Thumb Code     6  stm32f1xx_hal.o(i.HAL_GetTick)
    HAL_IncTick                              0x08000871   Thumb Code    12  stm32f1xx_hal.o(i.HAL_IncTick)
    HAL_Init                                 0x08000881   Thumb Code    32  stm32f1xx_hal.o(i.HAL_Init)
    HAL_InitTick                             0x080008a5   Thumb Code    54  stm32f1xx_hal.o(i.HAL_InitTick)
    HAL_MspInit                              0x080008e5   Thumb Code    52  stm32f1xx_hal_msp.o(i.HAL_MspInit)
    HAL_NVIC_EnableIRQ                       0x08000921   Thumb Code    26  stm32f1xx_hal_cortex.o(i.HAL_NVIC_EnableIRQ)
    HAL_NVIC_SetPriority                     0x0800093d   Thumb Code    60  stm32f1xx_hal_cortex.o(i.HAL_NVIC_SetPriority)
    HAL_NVIC_SetPriorityGrouping             0x0800097d   Thumb Code    26  stm32f1xx_hal_cortex.o(i.HAL_NVIC_SetPriorityGrouping)
    HAL_PCDEx_PMAConfig                      0x080009a1   Thumb Code    60  stm32f1xx_hal_pcd_ex.o(i.HAL_PCDEx_PMAConfig)
    HAL_PCDEx_SetConnectionState             0x080009dd   Thumb Code     2  usbd_conf.o(i.HAL_PCDEx_SetConnectionState)
    HAL_PCD_DataInStageCallback              0x080009df   Thumb Code    18  usbd_conf.o(i.HAL_PCD_DataInStageCallback)
    HAL_PCD_DataOutStageCallback             0x080009f1   Thumb Code    20  usbd_conf.o(i.HAL_PCD_DataOutStageCallback)
    HAL_PCD_EP_Close                         0x08000a05   Thumb Code    76  stm32f1xx_hal_pcd.o(i.HAL_PCD_EP_Close)
    HAL_PCD_EP_ClrStall                      0x08000a51   Thumb Code    92  stm32f1xx_hal_pcd.o(i.HAL_PCD_EP_ClrStall)
    HAL_PCD_EP_Open                          0x08000ecb   Thumb Code    90  stm32f1xx_hal_pcd.o(i.HAL_PCD_EP_Open)
    HAL_PCD_EP_Receive                       0x08000f25   Thumb Code    46  stm32f1xx_hal_pcd.o(i.HAL_PCD_EP_Receive)
    HAL_PCD_EP_SetStall                      0x08000f53   Thumb Code   114  stm32f1xx_hal_pcd.o(i.HAL_PCD_EP_SetStall)
    HAL_PCD_EP_Transmit                      0x08000fc5   Thumb Code    48  stm32f1xx_hal_pcd.o(i.HAL_PCD_EP_Transmit)
    HAL_PCD_IRQHandler                       0x08000ff5   Thumb Code   308  stm32f1xx_hal_pcd.o(i.HAL_PCD_IRQHandler)
    HAL_PCD_Init                             0x08001129   Thumb Code   218  stm32f1xx_hal_pcd.o(i.HAL_PCD_Init)
    HAL_PCD_MspInit                          0x08001205   Thumb Code    50  usbd_conf.o(i.HAL_PCD_MspInit)
    HAL_PCD_ResetCallback                    0x08001241   Thumb Code    38  usbd_conf.o(i.HAL_PCD_ResetCallback)
    HAL_PCD_ResumeCallback                   0x08001267   Thumb Code     8  usbd_conf.o(i.HAL_PCD_ResumeCallback)
    HAL_PCD_SOFCallback                      0x0800126f   Thumb Code     8  usbd_conf.o(i.HAL_PCD_SOFCallback)
    HAL_PCD_SetAddress                       0x08001277   Thumb Code    40  stm32f1xx_hal_pcd.o(i.HAL_PCD_SetAddress)
    HAL_PCD_SetupStageCallback               0x0800129f   Thumb Code    14  usbd_conf.o(i.HAL_PCD_SetupStageCallback)
    HAL_PCD_Start                            0x080012ad   Thumb Code    50  stm32f1xx_hal_pcd.o(i.HAL_PCD_Start)
    HAL_PCD_SuspendCallback                  0x080012e1   Thumb Code    30  usbd_conf.o(i.HAL_PCD_SuspendCallback)
    HAL_RCCEx_PeriphCLKConfig                0x08001305   Thumb Code   224  stm32f1xx_hal_rcc_ex.o(i.HAL_RCCEx_PeriphCLKConfig)
    HAL_RCC_ClockConfig                      0x080013f1   Thumb Code   280  stm32f1xx_hal_rcc.o(i.HAL_RCC_ClockConfig)
    HAL_RCC_GetSysClockFreq                  0x0800151d   Thumb Code    58  stm32f1xx_hal_rcc.o(i.HAL_RCC_GetSysClockFreq)
    HAL_RCC_OscConfig                        0x08001569   Thumb Code   778  stm32f1xx_hal_rcc.o(i.HAL_RCC_OscConfig)
    HAL_SYSTICK_Config                       0x08001889   Thumb Code    40  stm32f1xx_hal_cortex.o(i.HAL_SYSTICK_Config)
    HAL_TIMEx_MasterConfigSynchronization    0x080018b1   Thumb Code    92  stm32f1xx_hal_tim_ex.o(i.HAL_TIMEx_MasterConfigSynchronization)
    HAL_TIM_ErrorCallback                    0x08001919   Thumb Code     2  stm32f1xx_hal_tim.o(i.HAL_TIM_ErrorCallback)
    HAL_TIM_MspPostInit                      0x0800191d   Thumb Code    62  tim.o(i.HAL_TIM_MspPostInit)
    HAL_TIM_PWM_ConfigChannel                0x08001969   Thumb Code   204  stm32f1xx_hal_tim.o(i.HAL_TIM_PWM_ConfigChannel)
    HAL_TIM_PWM_Init                         0x08001a35   Thumb Code    90  stm32f1xx_hal_tim.o(i.HAL_TIM_PWM_Init)
    HAL_TIM_PWM_MspInit                      0x08001a91   Thumb Code    82  tim.o(i.HAL_TIM_PWM_MspInit)
    HAL_TIM_PWM_PulseFinishedCallback        0x08001af5   Thumb Code     8  main.o(i.HAL_TIM_PWM_PulseFinishedCallback)
    HAL_TIM_PWM_PulseFinishedHalfCpltCallback 0x08001b01   Thumb Code     2  stm32f1xx_hal_tim.o(i.HAL_TIM_PWM_PulseFinishedHalfCpltCallback)
    HAL_TIM_PWM_Start_DMA                    0x08001b05   Thumb Code   378  stm32f1xx_hal_tim.o(i.HAL_TIM_PWM_Start_DMA)
    HAL_TIM_PWM_Stop_DMA                     0x08001c99   Thumb Code   190  stm32f1xx_hal_tim.o(i.HAL_TIM_PWM_Stop_DMA)
    HardFault_Handler                        0x08001d5d   Thumb Code     2  stm32f1xx_it.o(i.HardFault_Handler)
    MX_DMA_Init                              0x08001d99   Thumb Code    40  dma.o(i.MX_DMA_Init)
    MX_GPIO_Init                             0x08001dc5   Thumb Code   272  gpio.o(i.MX_GPIO_Init)
    MX_TIM3_Init                             0x08001ee9   Thumb Code   102  tim.o(i.MX_TIM3_Init)
    MX_USB_DEVICE_Init                       0x08001f59   Thumb Code    52  usb_device.o(i.MX_USB_DEVICE_Init)
    MemManage_Handler                        0x08001f99   Thumb Code     2  stm32f1xx_it.o(i.MemManage_Handler)
    NMI_Handler                              0x08001f9b   Thumb Code     2  stm32f1xx_it.o(i.NMI_Handler)
    PendSV_Handler                           0x08002349   Thumb Code     2  stm32f1xx_it.o(i.PendSV_Handler)
    SVC_Handler                              0x0800234b   Thumb Code     2  stm32f1xx_it.o(i.SVC_Handler)
    SysTick_Handler                          0x0800234d   Thumb Code     4  stm32f1xx_it.o(i.SysTick_Handler)
    SystemClock_Config                       0x08002351   Thumb Code   118  main.o(i.SystemClock_Config)
    SystemInit                               0x080023c7   Thumb Code     2  system_stm32f1xx.o(i.SystemInit)
    TIM_Base_SetConfig                       0x080023c9   Thumb Code    94  stm32f1xx_hal_tim.o(i.TIM_Base_SetConfig)
    TIM_CCxChannelCmd                        0x08002435   Thumb Code    26  stm32f1xx_hal_tim.o(i.TIM_CCxChannelCmd)
    TIM_DMADelayPulseHalfCplt                0x080024ad   Thumb Code    56  stm32f1xx_hal_tim.o(i.TIM_DMADelayPulseHalfCplt)
    TIM_DMAError                             0x080024e5   Thumb Code    84  stm32f1xx_hal_tim.o(i.TIM_DMAError)
    TIM_OC2_SetConfig                        0x08002589   Thumb Code    84  stm32f1xx_hal_tim.o(i.TIM_OC2_SetConfig)
    USBD_ClrClassConfig                      0x0800267d   Thumb Code    14  usbd_core.o(i.USBD_ClrClassConfig)
    USBD_CtlContinueRx                       0x0800268b   Thumb Code    16  usbd_ioreq.o(i.USBD_CtlContinueRx)
    USBD_CtlContinueSendData                 0x0800269b   Thumb Code    16  usbd_ioreq.o(i.USBD_CtlContinueSendData)
    USBD_CtlError                            0x080026ab   Thumb Code    22  usbd_ctlreq.o(i.USBD_CtlError)
    USBD_CtlReceiveStatus                    0x080026c1   Thumb Code    22  usbd_ioreq.o(i.USBD_CtlReceiveStatus)
    USBD_CtlSendData                         0x080026d7   Thumb Code    26  usbd_ioreq.o(i.USBD_CtlSendData)
    USBD_CtlSendStatus                       0x080026f1   Thumb Code    22  usbd_ioreq.o(i.USBD_CtlSendStatus)
    USBD_FS_ConfigStrDescriptor              0x08002709   Thumb Code    16  usbd_desc.o(i.USBD_FS_ConfigStrDescriptor)
    USBD_FS_DeviceDescriptor                 0x08002729   Thumb Code     8  usbd_desc.o(i.USBD_FS_DeviceDescriptor)
    USBD_FS_InterfaceStrDescriptor           0x08002735   Thumb Code    16  usbd_desc.o(i.USBD_FS_InterfaceStrDescriptor)
    USBD_FS_LangIDStrDescriptor              0x08002759   Thumb Code     8  usbd_desc.o(i.USBD_FS_LangIDStrDescriptor)
    USBD_FS_ManufacturerStrDescriptor        0x08002765   Thumb Code    16  usbd_desc.o(i.USBD_FS_ManufacturerStrDescriptor)
    USBD_FS_ProductStrDescriptor             0x0800277d   Thumb Code    16  usbd_desc.o(i.USBD_FS_ProductStrDescriptor)
    USBD_FS_SerialStrDescriptor              0x08002799   Thumb Code    48  usbd_desc.o(i.USBD_FS_SerialStrDescriptor)
    USBD_GetString                           0x080028b9   Thumb Code    72  usbd_ctlreq.o(i.USBD_GetString)
    USBD_HID_SendReport                      0x0800299f   Thumb Code    36  usbd_hid.o(i.USBD_HID_SendReport)
    USBD_Init                                0x08002a8d   Thumb Code    42  usbd_core.o(i.USBD_Init)
    USBD_LL_ClearStallEP                     0x08002ab7   Thumb Code    18  usbd_conf.o(i.USBD_LL_ClearStallEP)
    USBD_LL_CloseEP                          0x08002ac9   Thumb Code    18  usbd_conf.o(i.USBD_LL_CloseEP)
    USBD_LL_DataInStage                      0x08002adb   Thumb Code   198  usbd_core.o(i.USBD_LL_DataInStage)
    USBD_LL_DataOutStage                     0x08002ba1   Thumb Code   130  usbd_core.o(i.USBD_LL_DataOutStage)
    USBD_LL_Init                             0x08002c25   Thumb Code    94  usbd_conf.o(i.USBD_LL_Init)
    USBD_LL_IsStallEP                        0x08002c8d   Thumb Code    32  usbd_conf.o(i.USBD_LL_IsStallEP)
    USBD_LL_OpenEP                           0x08002cad   Thumb Code    24  usbd_conf.o(i.USBD_LL_OpenEP)
    USBD_LL_PrepareReceive                   0x08002cc5   Thumb Code    18  usbd_conf.o(i.USBD_LL_PrepareReceive)
    USBD_LL_Reset                            0x08002cd7   Thumb Code    80  usbd_core.o(i.USBD_LL_Reset)
    USBD_LL_Resume                           0x08002d27   Thumb Code    20  usbd_core.o(i.USBD_LL_Resume)
    USBD_LL_SOF                              0x08002d3b   Thumb Code    24  usbd_core.o(i.USBD_LL_SOF)
    USBD_LL_SetSpeed                         0x08002d53   Thumb Code     6  usbd_core.o(i.USBD_LL_SetSpeed)
    USBD_LL_SetUSBAddress                    0x08002d59   Thumb Code    18  usbd_conf.o(i.USBD_LL_SetUSBAddress)
    USBD_LL_SetupStage                       0x08002d6b   Thumb Code    90  usbd_core.o(i.USBD_LL_SetupStage)
    USBD_LL_StallEP                          0x08002dc5   Thumb Code    18  usbd_conf.o(i.USBD_LL_StallEP)
    USBD_LL_Start                            0x08002dd7   Thumb Code    18  usbd_conf.o(i.USBD_LL_Start)
    USBD_LL_Suspend                          0x08002de9   Thumb Code    18  usbd_core.o(i.USBD_LL_Suspend)
    USBD_LL_Transmit                         0x08002dfb   Thumb Code    18  usbd_conf.o(i.USBD_LL_Transmit)
    USBD_ParseSetupRequest                   0x08002e0d   Thumb Code    40  usbd_ctlreq.o(i.USBD_ParseSetupRequest)
    USBD_RegisterClass                       0x08002e35   Thumb Code    16  usbd_core.o(i.USBD_RegisterClass)
    USBD_SetClassConfig                      0x08002e45   Thumb Code    22  usbd_core.o(i.USBD_SetClassConfig)
    USBD_Start                               0x08002ee1   Thumb Code    10  usbd_core.o(i.USBD_Start)
    USBD_StdDevReq                           0x08002eeb   Thumb Code   274  usbd_ctlreq.o(i.USBD_StdDevReq)
    USBD_StdEPReq                            0x08002ffd   Thumb Code   336  usbd_ctlreq.o(i.USBD_StdEPReq)
    USBD_StdItfReq                           0x0800314d   Thumb Code    78  usbd_ctlreq.o(i.USBD_StdItfReq)
    USBD_static_free                         0x0800319b   Thumb Code     2  usbd_conf.o(i.USBD_static_free)
    USBD_static_malloc                       0x0800319d   Thumb Code     4  usbd_conf.o(i.USBD_static_malloc)
    USB_ActivateEndpoint                     0x080031a5   Thumb Code   668  stm32f1xx_ll_usb.o(i.USB_ActivateEndpoint)
    USB_CoreInit                             0x08003441   Thumb Code     4  stm32f1xx_ll_usb.o(i.USB_CoreInit)
    USB_DeactivateEndpoint                   0x08003445   Thumb Code   270  stm32f1xx_ll_usb.o(i.USB_DeactivateEndpoint)
    USB_DevConnect                           0x08003553   Thumb Code     4  stm32f1xx_ll_usb.o(i.USB_DevConnect)
    USB_DevDisconnect                        0x08003557   Thumb Code     4  stm32f1xx_ll_usb.o(i.USB_DevDisconnect)
    USB_DevInit                              0x0800355b   Thumb Code    18  stm32f1xx_ll_usb.o(i.USB_DevInit)
    USB_DisableGlobalInt                     0x0800356d   Thumb Code    14  stm32f1xx_ll_usb.o(i.USB_DisableGlobalInt)
    USB_EP0_OutStart                         0x0800357b   Thumb Code     4  stm32f1xx_ll_usb.o(i.USB_EP0_OutStart)
    USB_EPClearStall                         0x0800357f   Thumb Code   120  stm32f1xx_ll_usb.o(i.USB_EPClearStall)
    USB_EPSetStall                           0x080035f7   Thumb Code    50  stm32f1xx_ll_usb.o(i.USB_EPSetStall)
    USB_EPStartXfer                          0x08003629   Thumb Code  1250  stm32f1xx_ll_usb.o(i.USB_EPStartXfer)
    USB_EnableGlobalInt                      0x08003b0b   Thumb Code    18  stm32f1xx_ll_usb.o(i.USB_EnableGlobalInt)
    USB_LP_CAN1_RX0_IRQHandler               0x08003b1d   Thumb Code     6  stm32f1xx_it.o(i.USB_LP_CAN1_RX0_IRQHandler)
    USB_ReadInterrupts                       0x08003b29   Thumb Code     6  stm32f1xx_ll_usb.o(i.USB_ReadInterrupts)
    USB_ReadPMA                              0x08003b31   Thumb Code    44  stm32f1xx_ll_usb.o(i.USB_ReadPMA)
    USB_SetCurrentMode                       0x08003b5d   Thumb Code     4  stm32f1xx_ll_usb.o(i.USB_SetCurrentMode)
    USB_SetDevAddress                        0x08003b61   Thumb Code    12  stm32f1xx_ll_usb.o(i.USB_SetDevAddress)
    USB_WritePMA                             0x08003b6d   Thumb Code    38  stm32f1xx_ll_usb.o(i.USB_WritePMA)
    UsageFault_Handler                       0x08003b93   Thumb Code     2  stm32f1xx_it.o(i.UsageFault_Handler)
    brightness_init                          0x08003bb5   Thumb Code   182  ws2812.o(i.brightness_init)
    brightness_init1                         0x08003c75   Thumb Code   310  ws2812.o(i.brightness_init1)
    col_write                                0x08003db5   Thumb Code   192  key_matrix.o(i.col_write)
    key_scan                                 0x08003e81   Thumb Code   400  key_matrix.o(i.key_scan)
    main                                     0x08004021   Thumb Code    34  main.o(i.main)
    palette_init                             0x08004045   Thumb Code   454  ws2812.o(i.palette_init)
    palette_init1                            0x08004219   Thumb Code   310  ws2812.o(i.palette_init1)
    row_read                                 0x08004359   Thumb Code    70  key_matrix.o(i.row_read)
    ws2812_animation_breathing               0x080043a9   Thumb Code   126  ws2812.o(i.ws2812_animation_breathing)
    ws2812_animation_rainbow                 0x08004439   Thumb Code   212  ws2812.o(i.ws2812_animation_rainbow)
    ws2812_animation_start                   0x08004531   Thumb Code    20  ws2812.o(i.ws2812_animation_start)
    ws2812_init                              0x08004549   Thumb Code    22  ws2812.o(i.ws2812_init)
    ws2812_set_RGB                           0x08004561   Thumb Code    80  ws2812.o(i.ws2812_set_RGB)
    __aeabi_dadd                             0x080045b5   Thumb Code     0  daddsub_clz.o(x$fpl$dadd)
    _dadd                                    0x080045b5   Thumb Code   332  daddsub_clz.o(x$fpl$dadd)
    __aeabi_d2uiz                            0x08004705   Thumb Code     0  dfixu.o(x$fpl$dfixu)
    _dfixu                                   0x08004705   Thumb Code    90  dfixu.o(x$fpl$dfixu)
    __aeabi_ui2d                             0x0800475f   Thumb Code     0  dflt_clz.o(x$fpl$dfltu)
    _dfltu                                   0x0800475f   Thumb Code    38  dflt_clz.o(x$fpl$dfltu)
    __aeabi_dmul                             0x08004785   Thumb Code     0  dmul.o(x$fpl$dmul)
    _dmul                                    0x08004785   Thumb Code   332  dmul.o(x$fpl$dmul)
    __fpl_dnaninf                            0x080048d9   Thumb Code   156  dnaninf.o(x$fpl$dnaninf)
    __fpl_dretinf                            0x08004975   Thumb Code    12  dretinf.o(x$fpl$dretinf)
    __aeabi_dsub                             0x08004981   Thumb Code     0  daddsub_clz.o(x$fpl$dsub)
    _dsub                                    0x08004981   Thumb Code   464  daddsub_clz.o(x$fpl$dsub)
    __I$use$fp                               0x08004b54   Number         0  usenofp.o(x$fpl$usenofp)
    AHBPrescTable                            0x08004b66   Data          16  system_stm32f1xx.o(.constdata)
    Region$$Table$$Base                      0x08004b78   Number         0  anon$$obj.o(Region$$Table)
    Region$$Table$$Limit                     0x08004b98   Number         0  anon$$obj.o(Region$$Table)
    buffer                                   0x20000000   Data           8  key_matrix.o(.data)
    keymap                                   0x20000008   Data         196  keymap.o(.data)
    led_pos                                  0x200000cc   Data         122  keymap.o(.data)
    brightness                               0x20000146   Data           1  ws2812.o(.data)
    animation_speed                          0x20000147   Data           1  ws2812.o(.data)
    rgb_mode                                 0x20000148   Data           1  ws2812.o(.data)
    FS_Desc                                  0x2000014c   Data          28  usbd_desc.o(.data)
    USBD_LangIDDesc                          0x20000168   Data           4  usbd_desc.o(.data)
    USBD_FS_DeviceDesc                       0x2000016c   Data          18  usbd_desc.o(.data)
    USBD_StringSerial                        0x20000180   Data          26  usbd_desc.o(.data)
    uwTickFreq                               0x2000019c   Data           1  stm32f1xx_hal.o(.data)
    uwTickPrio                               0x200001a0   Data           4  stm32f1xx_hal.o(.data)
    uwTick                                   0x200001a4   Data           4  stm32f1xx_hal.o(.data)
    SystemCoreClock                          0x200001a8   Data           4  system_stm32f1xx.o(.data)
    USBD_HID                                 0x200001b0   Data          56  usbd_hid.o(.data)
    htim3                                    0x20001978   Data          72  tim.o(.bss)
    hdma_tim3_ch1_trig                       0x200019c0   Data          68  tim.o(.bss)
    hUsbDeviceFS                             0x20001a04   Data         708  usb_device.o(.bss)
    USBD_StrDesc                             0x20001cc8   Data         512  usbd_desc.o(.bss)
    hpcd_USB_FS                              0x20001edc   Data         752  usbd_conf.o(.bss)
    __libspace_start                         0x200021cc   Data          96  libspace.o(.bss)
    __temporary_stack_top$libspace           0x2000222c   Data           0  libspace.o(.bss)



==============================================================================

Memory Map of the image

  Image Entry point : 0x080000ed

  Load Region LR_IROM1 (Base: 0x08000000, Size: 0x00004e50, Max: 0x00010000, ABSOLUTE, COMPRESSED[0x00004d3c])

    Execution Region ER_IROM1 (Base: 0x08000000, Size: 0x00004b98, Max: 0x00010000, ABSOLUTE)

    Base Addr    Size         Type   Attr      Idx    E Section Name        Object

    0x08000000   0x000000ec   Data   RO            3    RESET               startup_stm32f103xb.o
    0x080000ec   0x00000008   Code   RO         3722  * !!!main             c_w.l(__main.o)
    0x080000f4   0x00000034   Code   RO         3904    !!!scatter          c_w.l(__scatter.o)
    0x08000128   0x0000005a   Code   RO         3902    !!dczerorl2         c_w.l(__dczerorl2.o)
    0x08000182   0x00000002   PAD
    0x08000184   0x0000001c   Code   RO         3906    !!handler_zi        c_w.l(__scatter_zi.o)
    0x080001a0   0x00000002   Code   RO         3772    .ARM.Collect$$libinit$$00000000  c_w.l(libinit.o)
    0x080001a2   0x00000000   Code   RO         3779    .ARM.Collect$$libinit$$00000002  c_w.l(libinit2.o)
    0x080001a2   0x00000000   Code   RO         3781    .ARM.Collect$$libinit$$00000004  c_w.l(libinit2.o)
    0x080001a2   0x00000000   Code   RO         3784    .ARM.Collect$$libinit$$0000000A  c_w.l(libinit2.o)
    0x080001a2   0x00000000   Code   RO         3786    .ARM.Collect$$libinit$$0000000C  c_w.l(libinit2.o)
    0x080001a2   0x00000000   Code   RO         3788    .ARM.Collect$$libinit$$0000000E  c_w.l(libinit2.o)
    0x080001a2   0x00000000   Code   RO         3791    .ARM.Collect$$libinit$$00000011  c_w.l(libinit2.o)
    0x080001a2   0x00000000   Code   RO         3793    .ARM.Collect$$libinit$$00000013  c_w.l(libinit2.o)
    0x080001a2   0x00000000   Code   RO         3795    .ARM.Collect$$libinit$$00000015  c_w.l(libinit2.o)
    0x080001a2   0x00000000   Code   RO         3797    .ARM.Collect$$libinit$$00000017  c_w.l(libinit2.o)
    0x080001a2   0x00000000   Code   RO         3799    .ARM.Collect$$libinit$$00000019  c_w.l(libinit2.o)
    0x080001a2   0x00000000   Code   RO         3801    .ARM.Collect$$libinit$$0000001B  c_w.l(libinit2.o)
    0x080001a2   0x00000000   Code   RO         3803    .ARM.Collect$$libinit$$0000001D  c_w.l(libinit2.o)
    0x080001a2   0x00000000   Code   RO         3805    .ARM.Collect$$libinit$$0000001F  c_w.l(libinit2.o)
    0x080001a2   0x00000000   Code   RO         3807    .ARM.Collect$$libinit$$00000021  c_w.l(libinit2.o)
    0x080001a2   0x00000000   Code   RO         3809    .ARM.Collect$$libinit$$00000023  c_w.l(libinit2.o)
    0x080001a2   0x00000000   Code   RO         3811    .ARM.Collect$$libinit$$00000025  c_w.l(libinit2.o)
    0x080001a2   0x00000000   Code   RO         3815    .ARM.Collect$$libinit$$0000002C  c_w.l(libinit2.o)
    0x080001a2   0x00000000   Code   RO         3817    .ARM.Collect$$libinit$$0000002E  c_w.l(libinit2.o)
    0x080001a2   0x00000000   Code   RO         3819    .ARM.Collect$$libinit$$00000030  c_w.l(libinit2.o)
    0x080001a2   0x00000000   Code   RO         3821    .ARM.Collect$$libinit$$00000032  c_w.l(libinit2.o)
    0x080001a2   0x00000002   Code   RO         3822    .ARM.Collect$$libinit$$00000033  c_w.l(libinit2.o)
    0x080001a4   0x00000002   Code   RO         3842    .ARM.Collect$$libshutdown$$00000000  c_w.l(libshutdown.o)
    0x080001a6   0x00000000   Code   RO         3855    .ARM.Collect$$libshutdown$$00000002  c_w.l(libshutdown2.o)
    0x080001a6   0x00000000   Code   RO         3857    .ARM.Collect$$libshutdown$$00000004  c_w.l(libshutdown2.o)
    0x080001a6   0x00000000   Code   RO         3860    .ARM.Collect$$libshutdown$$00000007  c_w.l(libshutdown2.o)
    0x080001a6   0x00000000   Code   RO         3863    .ARM.Collect$$libshutdown$$0000000A  c_w.l(libshutdown2.o)
    0x080001a6   0x00000000   Code   RO         3865    .ARM.Collect$$libshutdown$$0000000C  c_w.l(libshutdown2.o)
    0x080001a6   0x00000000   Code   RO         3868    .ARM.Collect$$libshutdown$$0000000F  c_w.l(libshutdown2.o)
    0x080001a6   0x00000002   Code   RO         3869    .ARM.Collect$$libshutdown$$00000010  c_w.l(libshutdown2.o)
    0x080001a8   0x00000000   Code   RO         3742    .ARM.Collect$$rtentry$$00000000  c_w.l(__rtentry.o)
    0x080001a8   0x00000000   Code   RO         3749    .ARM.Collect$$rtentry$$00000002  c_w.l(__rtentry2.o)
    0x080001a8   0x00000006   Code   RO         3761    .ARM.Collect$$rtentry$$00000004  c_w.l(__rtentry4.o)
    0x080001ae   0x00000000   Code   RO         3751    .ARM.Collect$$rtentry$$00000009  c_w.l(__rtentry2.o)
    0x080001ae   0x00000004   Code   RO         3752    .ARM.Collect$$rtentry$$0000000A  c_w.l(__rtentry2.o)
    0x080001b2   0x00000000   Code   RO         3754    .ARM.Collect$$rtentry$$0000000C  c_w.l(__rtentry2.o)
    0x080001b2   0x00000008   Code   RO         3755    .ARM.Collect$$rtentry$$0000000D  c_w.l(__rtentry2.o)
    0x080001ba   0x00000002   Code   RO         3776    .ARM.Collect$$rtexit$$00000000  c_w.l(rtexit.o)
    0x080001bc   0x00000000   Code   RO         3824    .ARM.Collect$$rtexit$$00000002  c_w.l(rtexit2.o)
    0x080001bc   0x00000004   Code   RO         3825    .ARM.Collect$$rtexit$$00000003  c_w.l(rtexit2.o)
    0x080001c0   0x00000006   Code   RO         3826    .ARM.Collect$$rtexit$$00000004  c_w.l(rtexit2.o)
    0x080001c6   0x00000002   PAD
    0x080001c8   0x00000040   Code   RO            4    .text               startup_stm32f103xb.o
    0x08000208   0x00000064   Code   RO         3716    .text               c_w.l(rt_memcpy_w.o)
    0x0800026c   0x0000004e   Code   RO         3718    .text               c_w.l(rt_memclr_w.o)
    0x080002ba   0x00000006   Code   RO         3720    .text               c_w.l(heapauxi.o)
    0x080002c0   0x0000004a   Code   RO         3763    .text               c_w.l(sys_stackheap_outer.o)
    0x0800030a   0x00000012   Code   RO         3765    .text               c_w.l(exit.o)
    0x0800031c   0x00000008   Code   RO         3773    .text               c_w.l(libspace.o)
    0x08000324   0x0000000c   Code   RO         3834    .text               c_w.l(sys_exit.o)
    0x08000330   0x00000002   Code   RO         3845    .text               c_w.l(use_no_semi.o)
    0x08000332   0x00000000   Code   RO         3847    .text               c_w.l(indicate_semi.o)
    0x08000332   0x00000002   Code   RO          445    i.BusFault_Handler  stm32f1xx_it.o
    0x08000334   0x0000000c   Code   RO          446    i.DMA1_Channel6_IRQHandler  stm32f1xx_it.o
    0x08000340   0x0000002a   Code   RO         1767    i.DMA_SetConfig     stm32f1xx_hal_dma.o
    0x0800036a   0x00000002   Code   RO          447    i.DebugMon_Handler  stm32f1xx_it.o
    0x0800036c   0x00000004   Code   RO          301    i.Error_Handler     main.o
    0x08000370   0x00000098   Code   RO         1769    i.HAL_DMA_Abort_IT  stm32f1xx_hal_dma.o
    0x08000408   0x00000154   Code   RO         1773    i.HAL_DMA_IRQHandler  stm32f1xx_hal_dma.o
    0x0800055c   0x0000005c   Code   RO         1774    i.HAL_DMA_Init      stm32f1xx_hal_dma.o
    0x080005b8   0x00000070   Code   RO         1778    i.HAL_DMA_Start_IT  stm32f1xx_hal_dma.o
    0x08000628   0x00000024   Code   RO         1394    i.HAL_Delay         stm32f1xx_hal.o
    0x0800064c   0x00000014   Code   RO          886    i.HAL_GPIOEx_ConfigEventout  stm32f1xx_hal_gpio_ex.o
    0x08000660   0x00000010   Code   RO          888    i.HAL_GPIOEx_EnableEventout  stm32f1xx_hal_gpio_ex.o
    0x08000670   0x000001e0   Code   RO         1704    i.HAL_GPIO_Init     stm32f1xx_hal_gpio.o
    0x08000850   0x0000000a   Code   RO         1706    i.HAL_GPIO_ReadPin  stm32f1xx_hal_gpio.o
    0x0800085a   0x0000000a   Code   RO         1708    i.HAL_GPIO_WritePin  stm32f1xx_hal_gpio.o
    0x08000864   0x0000000c   Code   RO         1398    i.HAL_GetTick       stm32f1xx_hal.o
    0x08000870   0x00000010   Code   RO         1404    i.HAL_IncTick       stm32f1xx_hal.o
    0x08000880   0x00000024   Code   RO         1405    i.HAL_Init          stm32f1xx_hal.o
    0x080008a4   0x00000040   Code   RO         1406    i.HAL_InitTick      stm32f1xx_hal.o
    0x080008e4   0x0000003c   Code   RO          533    i.HAL_MspInit       stm32f1xx_hal_msp.o
    0x08000920   0x0000001a   Code   RO         1864    i.HAL_NVIC_EnableIRQ  stm32f1xx_hal_cortex.o
    0x0800093a   0x00000002   PAD
    0x0800093c   0x00000040   Code   RO         1870    i.HAL_NVIC_SetPriority  stm32f1xx_hal_cortex.o
    0x0800097c   0x00000024   Code   RO         1871    i.HAL_NVIC_SetPriorityGrouping  stm32f1xx_hal_cortex.o
    0x080009a0   0x0000003c   Code   RO         1161    i.HAL_PCDEx_PMAConfig  stm32f1xx_hal_pcd_ex.o
    0x080009dc   0x00000002   Code   RO          674    i.HAL_PCDEx_SetConnectionState  usbd_conf.o
    0x080009de   0x00000012   Code   RO          676    i.HAL_PCD_DataInStageCallback  usbd_conf.o
    0x080009f0   0x00000014   Code   RO          677    i.HAL_PCD_DataOutStageCallback  usbd_conf.o
    0x08000a04   0x0000004c   Code   RO          932    i.HAL_PCD_EP_Close  stm32f1xx_hal_pcd.o
    0x08000a50   0x0000005c   Code   RO          933    i.HAL_PCD_EP_ClrStall  stm32f1xx_hal_pcd.o
    0x08000aac   0x000000e6   Code   RO          934    i.HAL_PCD_EP_DB_Receive  stm32f1xx_hal_pcd.o
    0x08000b92   0x00000338   Code   RO          935    i.HAL_PCD_EP_DB_Transmit  stm32f1xx_hal_pcd.o
    0x08000eca   0x0000005a   Code   RO          938    i.HAL_PCD_EP_Open   stm32f1xx_hal_pcd.o
    0x08000f24   0x0000002e   Code   RO          939    i.HAL_PCD_EP_Receive  stm32f1xx_hal_pcd.o
    0x08000f52   0x00000072   Code   RO          940    i.HAL_PCD_EP_SetStall  stm32f1xx_hal_pcd.o
    0x08000fc4   0x00000030   Code   RO          941    i.HAL_PCD_EP_Transmit  stm32f1xx_hal_pcd.o
    0x08000ff4   0x00000134   Code   RO          943    i.HAL_PCD_IRQHandler  stm32f1xx_hal_pcd.o
    0x08001128   0x000000da   Code   RO          946    i.HAL_PCD_Init      stm32f1xx_hal_pcd.o
    0x08001202   0x00000002   PAD
    0x08001204   0x0000003c   Code   RO          682    i.HAL_PCD_MspInit   usbd_conf.o
    0x08001240   0x00000026   Code   RO          683    i.HAL_PCD_ResetCallback  usbd_conf.o
    0x08001266   0x00000008   Code   RO          684    i.HAL_PCD_ResumeCallback  usbd_conf.o
    0x0800126e   0x00000008   Code   RO          685    i.HAL_PCD_SOFCallback  usbd_conf.o
    0x08001276   0x00000028   Code   RO          952    i.HAL_PCD_SetAddress  stm32f1xx_hal_pcd.o
    0x0800129e   0x0000000e   Code   RO          686    i.HAL_PCD_SetupStageCallback  usbd_conf.o
    0x080012ac   0x00000032   Code   RO          954    i.HAL_PCD_Start     stm32f1xx_hal_pcd.o
    0x080012de   0x00000002   PAD
    0x080012e0   0x00000024   Code   RO          687    i.HAL_PCD_SuspendCallback  usbd_conf.o
    0x08001304   0x000000ec   Code   RO         1666    i.HAL_RCCEx_PeriphCLKConfig  stm32f1xx_hal_rcc_ex.o
    0x080013f0   0x0000012c   Code   RO         1562    i.HAL_RCC_ClockConfig  stm32f1xx_hal_rcc.o
    0x0800151c   0x0000004c   Code   RO         1571    i.HAL_RCC_GetSysClockFreq  stm32f1xx_hal_rcc.o
    0x08001568   0x00000320   Code   RO         1574    i.HAL_RCC_OscConfig  stm32f1xx_hal_rcc.o
    0x08001888   0x00000028   Code   RO         1875    i.HAL_SYSTICK_Config  stm32f1xx_hal_cortex.o
    0x080018b0   0x00000068   Code   RO         3089    i.HAL_TIMEx_MasterConfigSynchronization  stm32f1xx_hal_tim_ex.o
    0x08001918   0x00000002   Code   RO         2396    i.HAL_TIM_ErrorCallback  stm32f1xx_hal_tim.o
    0x0800191a   0x00000002   PAD
    0x0800191c   0x0000004c   Code   RO          397    i.HAL_TIM_MspPostInit  tim.o
    0x08001968   0x000000cc   Code   RO         2438    i.HAL_TIM_PWM_ConfigChannel  stm32f1xx_hal_tim.o
    0x08001a34   0x0000005a   Code   RO         2441    i.HAL_TIM_PWM_Init  stm32f1xx_hal_tim.o
    0x08001a8e   0x00000002   PAD
    0x08001a90   0x00000064   Code   RO          399    i.HAL_TIM_PWM_MspInit  tim.o
    0x08001af4   0x0000000c   Code   RO          302    i.HAL_TIM_PWM_PulseFinishedCallback  main.o
    0x08001b00   0x00000002   Code   RO         2445    i.HAL_TIM_PWM_PulseFinishedHalfCpltCallback  stm32f1xx_hal_tim.o
    0x08001b02   0x00000002   PAD
    0x08001b04   0x00000194   Code   RO         2447    i.HAL_TIM_PWM_Start_DMA  stm32f1xx_hal_tim.o
    0x08001c98   0x000000c4   Code   RO         2450    i.HAL_TIM_PWM_Stop_DMA  stm32f1xx_hal_tim.o
    0x08001d5c   0x00000002   Code   RO          448    i.HardFault_Handler  stm32f1xx_it.o
    0x08001d5e   0x00000002   PAD
    0x08001d60   0x00000038   Code   RO          588    i.IntToUnicode      usbd_desc.o
    0x08001d98   0x0000002c   Code   RO          373    i.MX_DMA_Init       dma.o
    0x08001dc4   0x00000124   Code   RO          349    i.MX_GPIO_Init      gpio.o
    0x08001ee8   0x00000070   Code   RO          400    i.MX_TIM3_Init      tim.o
    0x08001f58   0x00000040   Code   RO          557    i.MX_USB_DEVICE_Init  usb_device.o
    0x08001f98   0x00000002   Code   RO          449    i.MemManage_Handler  stm32f1xx_it.o
    0x08001f9a   0x00000002   Code   RO          450    i.NMI_Handler       stm32f1xx_it.o
    0x08001f9c   0x000003ac   Code   RO          958    i.PCD_EP_ISR_Handler  stm32f1xx_hal_pcd.o
    0x08002348   0x00000002   Code   RO          451    i.PendSV_Handler    stm32f1xx_it.o
    0x0800234a   0x00000002   Code   RO          452    i.SVC_Handler       stm32f1xx_it.o
    0x0800234c   0x00000004   Code   RO          453    i.SysTick_Handler   stm32f1xx_it.o
    0x08002350   0x00000076   Code   RO          303    i.SystemClock_Config  main.o
    0x080023c6   0x00000002   Code   RO         3338    i.SystemInit        system_stm32f1xx.o
    0x080023c8   0x0000006c   Code   RO         2459    i.TIM_Base_SetConfig  stm32f1xx_hal_tim.o
    0x08002434   0x0000001a   Code   RO         2460    i.TIM_CCxChannelCmd  stm32f1xx_hal_tim.o
    0x0800244e   0x0000005e   Code   RO         2463    i.TIM_DMADelayPulseCplt  stm32f1xx_hal_tim.o
    0x080024ac   0x00000038   Code   RO         2464    i.TIM_DMADelayPulseHalfCplt  stm32f1xx_hal_tim.o
    0x080024e4   0x00000054   Code   RO         2465    i.TIM_DMAError      stm32f1xx_hal_tim.o
    0x08002538   0x00000050   Code   RO         2472    i.TIM_OC1_SetConfig  stm32f1xx_hal_tim.o
    0x08002588   0x00000058   Code   RO         2473    i.TIM_OC2_SetConfig  stm32f1xx_hal_tim.o
    0x080025e0   0x00000058   Code   RO         2474    i.TIM_OC3_SetConfig  stm32f1xx_hal_tim.o
    0x08002638   0x00000044   Code   RO         2475    i.TIM_OC4_SetConfig  stm32f1xx_hal_tim.o
    0x0800267c   0x0000000e   Code   RO         3375    i.USBD_ClrClassConfig  usbd_core.o
    0x0800268a   0x00000010   Code   RO         3578    i.USBD_CtlContinueRx  usbd_ioreq.o
    0x0800269a   0x00000010   Code   RO         3579    i.USBD_CtlContinueSendData  usbd_ioreq.o
    0x080026aa   0x00000016   Code   RO         3513    i.USBD_CtlError     usbd_ctlreq.o
    0x080026c0   0x00000016   Code   RO         3581    i.USBD_CtlReceiveStatus  usbd_ioreq.o
    0x080026d6   0x0000001a   Code   RO         3582    i.USBD_CtlSendData  usbd_ioreq.o
    0x080026f0   0x00000016   Code   RO         3583    i.USBD_CtlSendStatus  usbd_ioreq.o
    0x08002706   0x00000002   PAD
    0x08002708   0x00000020   Code   RO          589    i.USBD_FS_ConfigStrDescriptor  usbd_desc.o
    0x08002728   0x0000000c   Code   RO          590    i.USBD_FS_DeviceDescriptor  usbd_desc.o
    0x08002734   0x00000024   Code   RO          591    i.USBD_FS_InterfaceStrDescriptor  usbd_desc.o
    0x08002758   0x0000000c   Code   RO          592    i.USBD_FS_LangIDStrDescriptor  usbd_desc.o
    0x08002764   0x00000018   Code   RO          593    i.USBD_FS_ManufacturerStrDescriptor  usbd_desc.o
    0x0800277c   0x0000001c   Code   RO          594    i.USBD_FS_ProductStrDescriptor  usbd_desc.o
    0x08002798   0x00000038   Code   RO          595    i.USBD_FS_SerialStrDescriptor  usbd_desc.o
    0x080027d0   0x000000e8   Code   RO         3514    i.USBD_GetDescriptor  usbd_ctlreq.o
    0x080028b8   0x00000048   Code   RO         3515    i.USBD_GetString    usbd_ctlreq.o
    0x08002900   0x00000018   Code   RO          688    i.USBD_Get_USB_Status  usbd_conf.o
    0x08002918   0x0000000c   Code   RO         3638    i.USBD_HID_DataIn   usbd_hid.o
    0x08002924   0x00000020   Code   RO         3639    i.USBD_HID_DeInit   usbd_hid.o
    0x08002944   0x0000000c   Code   RO         3640    i.USBD_HID_GetDeviceQualifierDesc  usbd_hid.o
    0x08002950   0x0000000c   Code   RO         3641    i.USBD_HID_GetFSCfgDesc  usbd_hid.o
    0x0800295c   0x0000000c   Code   RO         3642    i.USBD_HID_GetHSCfgDesc  usbd_hid.o
    0x08002968   0x0000000c   Code   RO         3643    i.USBD_HID_GetOtherSpeedCfgDesc  usbd_hid.o
    0x08002974   0x0000002a   Code   RO         3645    i.USBD_HID_Init     usbd_hid.o
    0x0800299e   0x00000024   Code   RO         3646    i.USBD_HID_SendReport  usbd_hid.o
    0x080029c2   0x00000002   PAD
    0x080029c4   0x000000c8   Code   RO         3647    i.USBD_HID_Setup    usbd_hid.o
    0x08002a8c   0x0000002a   Code   RO         3377    i.USBD_Init         usbd_core.o
    0x08002ab6   0x00000012   Code   RO          689    i.USBD_LL_ClearStallEP  usbd_conf.o
    0x08002ac8   0x00000012   Code   RO          690    i.USBD_LL_CloseEP   usbd_conf.o
    0x08002ada   0x000000c6   Code   RO         3378    i.USBD_LL_DataInStage  usbd_core.o
    0x08002ba0   0x00000082   Code   RO         3379    i.USBD_LL_DataOutStage  usbd_core.o
    0x08002c22   0x00000002   PAD
    0x08002c24   0x00000068   Code   RO          695    i.USBD_LL_Init      usbd_conf.o
    0x08002c8c   0x00000020   Code   RO          696    i.USBD_LL_IsStallEP  usbd_conf.o
    0x08002cac   0x00000018   Code   RO          697    i.USBD_LL_OpenEP    usbd_conf.o
    0x08002cc4   0x00000012   Code   RO          698    i.USBD_LL_PrepareReceive  usbd_conf.o
    0x08002cd6   0x00000050   Code   RO         3384    i.USBD_LL_Reset     usbd_core.o
    0x08002d26   0x00000014   Code   RO         3385    i.USBD_LL_Resume    usbd_core.o
    0x08002d3a   0x00000018   Code   RO         3386    i.USBD_LL_SOF       usbd_core.o
    0x08002d52   0x00000006   Code   RO         3387    i.USBD_LL_SetSpeed  usbd_core.o
    0x08002d58   0x00000012   Code   RO          699    i.USBD_LL_SetUSBAddress  usbd_conf.o
    0x08002d6a   0x0000005a   Code   RO         3388    i.USBD_LL_SetupStage  usbd_core.o
    0x08002dc4   0x00000012   Code   RO          700    i.USBD_LL_StallEP   usbd_conf.o
    0x08002dd6   0x00000012   Code   RO          701    i.USBD_LL_Start     usbd_conf.o
    0x08002de8   0x00000012   Code   RO         3389    i.USBD_LL_Suspend   usbd_core.o
    0x08002dfa   0x00000012   Code   RO          703    i.USBD_LL_Transmit  usbd_conf.o
    0x08002e0c   0x00000028   Code   RO         3516    i.USBD_ParseSetupRequest  usbd_ctlreq.o
    0x08002e34   0x00000010   Code   RO         3390    i.USBD_RegisterClass  usbd_core.o
    0x08002e44   0x00000016   Code   RO         3392    i.USBD_SetClassConfig  usbd_core.o
    0x08002e5a   0x00000002   PAD
    0x08002e5c   0x00000084   Code   RO         3517    i.USBD_SetConfig    usbd_ctlreq.o
    0x08002ee0   0x0000000a   Code   RO         3393    i.USBD_Start        usbd_core.o
    0x08002eea   0x00000112   Code   RO         3518    i.USBD_StdDevReq    usbd_ctlreq.o
    0x08002ffc   0x00000150   Code   RO         3519    i.USBD_StdEPReq     usbd_ctlreq.o
    0x0800314c   0x0000004e   Code   RO         3520    i.USBD_StdItfReq    usbd_ctlreq.o
    0x0800319a   0x00000002   Code   RO          704    i.USBD_static_free  usbd_conf.o
    0x0800319c   0x00000008   Code   RO          705    i.USBD_static_malloc  usbd_conf.o
    0x080031a4   0x0000029c   Code   RO         1201    i.USB_ActivateEndpoint  stm32f1xx_ll_usb.o
    0x08003440   0x00000004   Code   RO         1204    i.USB_CoreInit      stm32f1xx_ll_usb.o
    0x08003444   0x0000010e   Code   RO         1206    i.USB_DeactivateEndpoint  stm32f1xx_ll_usb.o
    0x08003552   0x00000004   Code   RO         1207    i.USB_DevConnect    stm32f1xx_ll_usb.o
    0x08003556   0x00000004   Code   RO         1208    i.USB_DevDisconnect  stm32f1xx_ll_usb.o
    0x0800355a   0x00000012   Code   RO         1209    i.USB_DevInit       stm32f1xx_ll_usb.o
    0x0800356c   0x0000000e   Code   RO         1210    i.USB_DisableGlobalInt  stm32f1xx_ll_usb.o
    0x0800357a   0x00000004   Code   RO         1211    i.USB_EP0_OutStart  stm32f1xx_ll_usb.o
    0x0800357e   0x00000078   Code   RO         1212    i.USB_EPClearStall  stm32f1xx_ll_usb.o
    0x080035f6   0x00000032   Code   RO         1213    i.USB_EPSetStall    stm32f1xx_ll_usb.o
    0x08003628   0x000004e2   Code   RO         1214    i.USB_EPStartXfer   stm32f1xx_ll_usb.o
    0x08003b0a   0x00000012   Code   RO         1216    i.USB_EnableGlobalInt  stm32f1xx_ll_usb.o
    0x08003b1c   0x0000000c   Code   RO          454    i.USB_LP_CAN1_RX0_IRQHandler  stm32f1xx_it.o
    0x08003b28   0x00000006   Code   RO         1223    i.USB_ReadInterrupts  stm32f1xx_ll_usb.o
    0x08003b2e   0x00000002   PAD
    0x08003b30   0x0000002c   Code   RO         1224    i.USB_ReadPMA       stm32f1xx_ll_usb.o
    0x08003b5c   0x00000004   Code   RO         1225    i.USB_SetCurrentMode  stm32f1xx_ll_usb.o
    0x08003b60   0x0000000c   Code   RO         1226    i.USB_SetDevAddress  stm32f1xx_ll_usb.o
    0x08003b6c   0x00000026   Code   RO         1228    i.USB_WritePMA      stm32f1xx_ll_usb.o
    0x08003b92   0x00000002   Code   RO          455    i.UsageFault_Handler  stm32f1xx_it.o
    0x08003b94   0x00000020   Code   RO         1877    i.__NVIC_SetPriority  stm32f1xx_hal_cortex.o
    0x08003bb4   0x000000c0   Code   RO          222    i.brightness_init   ws2812.o
    0x08003c74   0x00000140   Code   RO          223    i.brightness_init1  ws2812.o
    0x08003db4   0x000000cc   Code   RO           13    i.col_write         key_matrix.o
    0x08003e80   0x000001a0   Code   RO           14    i.key_scan          key_matrix.o
    0x08004020   0x00000022   Code   RO          304    i.main              main.o
    0x08004042   0x00000002   PAD
    0x08004044   0x000001d4   Code   RO          224    i.palette_init      ws2812.o
    0x08004218   0x00000140   Code   RO          225    i.palette_init1     ws2812.o
    0x08004358   0x00000050   Code   RO           15    i.row_read          key_matrix.o
    0x080043a8   0x00000090   Code   RO          226    i.ws2812_animation_breathing  ws2812.o
    0x08004438   0x000000f8   Code   RO          227    i.ws2812_animation_rainbow  ws2812.o
    0x08004530   0x00000018   Code   RO          228    i.ws2812_animation_start  ws2812.o
    0x08004548   0x00000016   Code   RO          229    i.ws2812_init       ws2812.o
    0x0800455e   0x00000002   PAD
    0x08004560   0x00000054   Code   RO          230    i.ws2812_set_RGB    ws2812.o
    0x080045b4   0x00000150   Code   RO         3724    x$fpl$dadd          fz_ws.l(daddsub_clz.o)
    0x08004704   0x0000005a   Code   RO         3730    x$fpl$dfixu         fz_ws.l(dfixu.o)
    0x0800475e   0x00000026   Code   RO         3734    x$fpl$dfltu         fz_ws.l(dflt_clz.o)
    0x08004784   0x00000154   Code   RO         3740    x$fpl$dmul          fz_ws.l(dmul.o)
    0x080048d8   0x0000009c   Code   RO         3743    x$fpl$dnaninf       fz_ws.l(dnaninf.o)
    0x08004974   0x0000000c   Code   RO         3745    x$fpl$dretinf       fz_ws.l(dretinf.o)
    0x08004980   0x000001d4   Code   RO         3726    x$fpl$dsub          fz_ws.l(daddsub_clz.o)
    0x08004b54   0x00000000   Code   RO         3747    x$fpl$usenofp       fz_ws.l(usenofp.o)
    0x08004b54   0x00000012   Data   RO         1575    .constdata          stm32f1xx_hal_rcc.o
    0x08004b66   0x00000010   Data   RO         3339    .constdata          system_stm32f1xx.o
    0x08004b76   0x00000002   PAD
    0x08004b78   0x00000020   Data   RO         3900    Region$$Table       anon$$obj.o


    Execution Region RW_IRAM1 (Base: 0x20000000, Size: 0x00002830, Max: 0x00005000, ABSOLUTE, COMPRESSED[0x000001a4])

    Base Addr    Size         Type   Attr      Idx    E Section Name        Object

    0x20000000   0x00000008   Data   RW           16    .data               key_matrix.o
    0x20000008   0x000000c4   Data   RW          197    .data               keymap.o
    0x200000cc   0x0000007a   Data   RW          198    .data               keymap.o
    0x20000146   0x00000003   Data   RW          232    .data               ws2812.o
    0x20000149   0x00000003   PAD
    0x2000014c   0x0000001c   Data   RW          597    .data               usbd_desc.o
    0x20000168   0x00000032   Data   RW          598    .data               usbd_desc.o
    0x2000019a   0x00000002   PAD
    0x2000019c   0x0000000c   Data   RW         1412    .data               stm32f1xx_hal.o
    0x200001a8   0x00000004   Data   RW         3341    .data               system_stm32f1xx.o
    0x200001ac   0x00000001   Data   RW         3521    .data               usbd_ctlreq.o
    0x200001ad   0x00000003   PAD
    0x200001b0   0x00000038   Data   RW         3648    .data               usbd_hid.o
    0x200001e8   0x000000ce   Data   RW         3649    .data               usbd_hid.o
    0x200002b6   0x00000002   PAD
    0x200002b8   0x000016c0   Zero   RW          231    .bss                ws2812.o
    0x20001978   0x0000008c   Zero   RW          401    .bss                tim.o
    0x20001a04   0x000002c4   Zero   RW          558    .bss                usb_device.o
    0x20001cc8   0x00000200   Zero   RW          596    .bss                usbd_desc.o
    0x20001ec8   0x00000304   Zero   RW          706    .bss                usbd_conf.o
    0x200021cc   0x00000060   Zero   RW         3774    .bss                c_w.l(libspace.o)
    0x2000222c   0x00000004   PAD
    0x20002230   0x00000200   Zero   RW            2    HEAP                startup_stm32f103xb.o
    0x20002430   0x00000400   Zero   RW            1    STACK               startup_stm32f103xb.o


==============================================================================

Image component sizes


      Code (inc. data)   RO Data    RW Data    ZI Data      Debug   Object Name

        44          4          0          0          0        738   dma.o
       292         20          0          0          0        999   gpio.o
       700         46          0          8          0     438122   key_matrix.o
         0          0          0        318          0        545   keymap.o
       168          4          0          0          0       2404   main.o
        64         26        236          0       1536        800   startup_stm32f103xb.o
       164         28          0         12          0       5825   stm32f1xx_hal.o
       198         14          0          0          0      28887   stm32f1xx_hal_cortex.o
       738         36          0          0          0       4262   stm32f1xx_hal_dma.o
       500         34          0          0          0       3479   stm32f1xx_hal_gpio.o
        36          8          0          0          0       1116   stm32f1xx_hal_gpio_ex.o
        60          8          0          0          0        850   stm32f1xx_hal_msp.o
      3076          0          0          0          0      13569   stm32f1xx_hal_pcd.o
        60          0          0          0          0       1158   stm32f1xx_hal_pcd_ex.o
      1176         60         18          0          0       3958   stm32f1xx_hal_rcc.o
       236         12          0          0          0       1364   stm32f1xx_hal_rcc_ex.o
      1590         66          0          0          0      12144   stm32f1xx_hal_tim.o
       104         12          0          0          0       1340   stm32f1xx_hal_tim_ex.o
        44         12          0          0          0       4678   stm32f1xx_it.o
      2528          0          0          0          0      15943   stm32f1xx_ll_usb.o
         2          0         16          4          0       1091   system_stm32f1xx.o
       288         42          0          0        140       2294   tim.o
        64         12          0          0        708        760   usb_device.o
       524         30          0          0        772      13421   usbd_conf.o
       670          0          0          0          0       9339   usbd_core.o
      1186         28          0          1          0       7832   usbd_ctlreq.o
       256         72          0         78        512       5805   usbd_desc.o
       370         20          0        262          0       7665   usbd_hid.o
       102          0          0          0          0       3596   usbd_ioreq.o
      1822        106          0          3       5824       7178   ws2812.o

    ----------------------------------------------------------------------
     17090        700        304        696       9492     601162   Object Totals
         0          0         32          0          0          0   (incl. Generated)
        28          0          2         10          0          0   (incl. Padding)

    ----------------------------------------------------------------------

      Code (inc. data)   RO Data    RW Data    ZI Data      Debug   Library Member Name

        90          0          0          0          0          0   __dczerorl2.o
         8          0          0          0          0         68   __main.o
         0          0          0          0          0          0   __rtentry.o
        12          0          0          0          0          0   __rtentry2.o
         6          0          0          0          0          0   __rtentry4.o
        52          8          0          0          0          0   __scatter.o
        28          0          0          0          0          0   __scatter_zi.o
        18          0          0          0          0         80   exit.o
         6          0          0          0          0        152   heapauxi.o
         0          0          0          0          0          0   indicate_semi.o
         2          0          0          0          0          0   libinit.o
         2          0          0          0          0          0   libinit2.o
         2          0          0          0          0          0   libshutdown.o
         2          0          0          0          0          0   libshutdown2.o
         8          4          0          0         96         68   libspace.o
        78          0          0          0          0         80   rt_memclr_w.o
       100          0          0          0          0         80   rt_memcpy_w.o
         2          0          0          0          0          0   rtexit.o
        10          0          0          0          0          0   rtexit2.o
        12          4          0          0          0         68   sys_exit.o
        74          0          0          0          0         80   sys_stackheap_outer.o
         2          0          0          0          0         68   use_no_semi.o
       804         16          0          0          0        272   daddsub_clz.o
        90          4          0          0          0         92   dfixu.o
        38          0          0          0          0         68   dflt_clz.o
       340         12          0          0          0        104   dmul.o
       156          4          0          0          0         92   dnaninf.o
        12          0          0          0          0         68   dretinf.o
         0          0          0          0          0          0   usenofp.o

    ----------------------------------------------------------------------
      1958         52          0          0        100       1440   Library Totals
         4          0          0          0          4          0   (incl. Padding)

    ----------------------------------------------------------------------

      Code (inc. data)   RO Data    RW Data    ZI Data      Debug   Library Name

       514         16          0          0         96        744   c_w.l
      1440         36          0          0          0        696   fz_ws.l

    ----------------------------------------------------------------------
      1958         52          0          0        100       1440   Library Totals

    ----------------------------------------------------------------------

==============================================================================


      Code (inc. data)   RO Data    RW Data    ZI Data      Debug   

     19048        752        304        696       9592     593394   Grand Totals
     19048        752        304        420       9592     593394   ELF Image Totals (compressed)
     19048        752        304        420          0          0   ROM Totals

==============================================================================

    Total RO  Size (Code + RO Data)                19352 (  18.90kB)
    Total RW  Size (RW Data + ZI Data)             10288 (  10.05kB)
    Total ROM Size (Code + RO Data + RW Data)      19772 (  19.31kB)

==============================================================================

